Archive member included because of file (symbol)

C:\Users\wwwli\AppData\Local\arduino15\packages\arduino\hardware\sam\1.6.11\variants\arduino_due_x/libsam_sam3x8e_gcc_rel.a(pio.o)
                              C:\Users\wwwli\AppData\Local\Temp\VMBuilds\round_1\arduino_due_x_dbg\Debug\variant\variant.cpp.o (PIO_Configure)
C:\Users\wwwli\AppData\Local\arduino15\packages\arduino\hardware\sam\1.6.11\variants\arduino_due_x/libsam_sam3x8e_gcc_rel.a(pmc.o)
                              C:\Users\wwwli\AppData\Local\Temp\VMBuilds\round_1\arduino_due_x_dbg\Debug\due_can\due_can.cpp.o (pmc_enable_periph_clk)
C:\Users\wwwli\AppData\Local\arduino15\packages\arduino\hardware\sam\1.6.11\variants\arduino_due_x/libsam_sam3x8e_gcc_rel.a(system_sam3xa.o)
                              C:\Users\wwwli\AppData\Local\Temp\VMBuilds\round_1\arduino_due_x_dbg\Debug\variant\variant.cpp.o (SystemInit)
C:\Users\wwwli\AppData\Local\arduino15\packages\arduino\hardware\sam\1.6.11\variants\arduino_due_x/libsam_sam3x8e_gcc_rel.a(startup_sam3xa.o)
                              (Reset_Handler)
C:\Users\wwwli\AppData\Local\arduino15\packages\arduino\hardware\sam\1.6.11\variants\arduino_due_x/libsam_sam3x8e_gcc_rel.a(adc.o)
                              C:\Users\wwwli\AppData\Local\Temp\VMBuilds\round_1\arduino_due_x_dbg\Debug\variant\variant.cpp.o (adc_init)
C:\Users\wwwli\AppData\Local\arduino15\packages\arduino\hardware\sam\1.6.11\variants\arduino_due_x/libsam_sam3x8e_gcc_rel.a(uotghs.o)
                              C:\Users\wwwli\AppData\Local\arduino15\packages\arduino\hardware\sam\1.6.11\variants\arduino_due_x/libsam_sam3x8e_gcc_rel.a(startup_sam3xa.o) (UOTGHS_Handler)
C:\Users\wwwli\AppData\Local\Temp\VMBuilds\round_1\arduino_due_x_dbg\Debug/core.a(cortex_handlers.c.o)
                              C:\Users\wwwli\AppData\Local\arduino15\packages\arduino\hardware\sam\1.6.11\variants\arduino_due_x/libsam_sam3x8e_gcc_rel.a(startup_sam3xa.o) (NMI_Handler)
C:\Users\wwwli\AppData\Local\Temp\VMBuilds\round_1\arduino_due_x_dbg\Debug/core.a(hooks.c.o)
                              C:\Users\wwwli\AppData\Local\Temp\VMBuilds\round_1\arduino_due_x_dbg\Debug/core.a(cortex_handlers.c.o) (sysTickHook)
C:\Users\wwwli\AppData\Local\Temp\VMBuilds\round_1\arduino_due_x_dbg\Debug/core.a(syscalls_sam3.c.o)
                              (_sbrk)
C:\Users\wwwli\AppData\Local\Temp\VMBuilds\round_1\arduino_due_x_dbg\Debug/core.a(wiring.c.o)
                              C:\Users\wwwli\AppData\Local\Temp\VMBuilds\round_1\arduino_due_x_dbg\Debug\round_1.cpp.o (delay)
C:\Users\wwwli\AppData\Local\Temp\VMBuilds\round_1\arduino_due_x_dbg\Debug/core.a(wiring_analog.c.o)
                              C:\Users\wwwli\AppData\Local\Temp\VMBuilds\round_1\arduino_due_x_dbg\Debug\variant\variant.cpp.o (analogOutputInit)
C:\Users\wwwli\AppData\Local\Temp\VMBuilds\round_1\arduino_due_x_dbg\Debug/core.a(wiring_digital.c.o)
                              C:\Users\wwwli\AppData\Local\Temp\VMBuilds\round_1\arduino_due_x_dbg\Debug\round_1.cpp.o (pinMode)
C:\Users\wwwli\AppData\Local\Temp\VMBuilds\round_1\arduino_due_x_dbg\Debug/core.a(main.cpp.o)
                              c:/users/wwwli/appdata/local/arduino15/packages/arduino/tools/arm-none-eabi-gcc/4.8.3-2014q1/bin/../lib/gcc/arm-none-eabi/4.8.3/../../../../arm-none-eabi/lib/armv7-m/crt0.o (main)
C:\Users\wwwli\AppData\Local\Temp\VMBuilds\round_1\arduino_due_x_dbg\Debug/core.a(Print.cpp.o)
                              C:\Users\wwwli\AppData\Local\Temp\VMBuilds\round_1\arduino_due_x_dbg\Debug\round_1.cpp.o (Print::print(char const*))
C:\Users\wwwli\AppData\Local\Temp\VMBuilds\round_1\arduino_due_x_dbg\Debug/core.a(Reset.cpp.o)
                              C:\Users\wwwli\AppData\Local\Temp\VMBuilds\round_1\arduino_due_x_dbg\Debug/core.a(cortex_handlers.c.o) (tickReset)
C:\Users\wwwli\AppData\Local\Temp\VMBuilds\round_1\arduino_due_x_dbg\Debug/core.a(RingBuffer.cpp.o)
                              C:\Users\wwwli\AppData\Local\Temp\VMBuilds\round_1\arduino_due_x_dbg\Debug\variant\variant.cpp.o (RingBuffer::RingBuffer())
C:\Users\wwwli\AppData\Local\Temp\VMBuilds\round_1\arduino_due_x_dbg\Debug/core.a(UARTClass.cpp.o)
                              C:\Users\wwwli\AppData\Local\Temp\VMBuilds\round_1\arduino_due_x_dbg\Debug\variant\variant.cpp.o (UARTClass::available())
C:\Users\wwwli\AppData\Local\Temp\VMBuilds\round_1\arduino_due_x_dbg\Debug/core.a(USARTClass.cpp.o)
                              C:\Users\wwwli\AppData\Local\Temp\VMBuilds\round_1\arduino_due_x_dbg\Debug\variant\variant.cpp.o (USARTClass::USARTClass(Usart*, IRQn, unsigned long, RingBuffer*, RingBuffer*))
C:\Users\wwwli\AppData\Local\Temp\VMBuilds\round_1\arduino_due_x_dbg\Debug/core.a(watchdog.cpp.o)
                              C:\Users\wwwli\AppData\Local\Temp\VMBuilds\round_1\arduino_due_x_dbg\Debug/core.a(main.cpp.o) (watchdogSetup())
C:\Users\wwwli\AppData\Local\Temp\VMBuilds\round_1\arduino_due_x_dbg\Debug/core.a(wiring_pulse.cpp.o)
[...]
Memory Configuration

Name             Origin             Length             Attributes
rom              0x00080000         0x00080000         xr
sram0            0x20000000         0x00010000         xrw
sram1            0x20080000         0x00008000         xrw
ram              0x20070000         0x00018000         xrw
*default*        0x00000000         0xffffffff

Linker script and memory map

LOAD c:/users/wwwli/appdata/local/arduino15/packages/arduino/tools/arm-none-eabi-gcc/4.8.3-2014q1/bin/../lib/gcc/arm-none-eabi/4.8.3/armv7-m/crti.o
LOAD c:/users/wwwli/appdata/local/arduino15/packages/arduino/tools/arm-none-eabi-gcc/4.8.3-2014q1/bin/../lib/gcc/arm-none-eabi/4.8.3/armv7-m/crtbegin.o
LOAD c:/users/wwwli/appdata/local/arduino15/packages/arduino/tools/arm-none-eabi-gcc/4.8.3-2014q1/bin/../lib/gcc/arm-none-eabi/4.8.3/../../../../arm-none-eabi/lib/armv7-m/crt0.o
START GROUP
LOAD C:\Users\wwwli\AppData\Local\Temp\VMBuilds\round_1\arduino_due_x_dbg\Debug\round_1.cpp.o
LOAD C:\Users\wwwli\AppData\Local\Temp\VMBuilds\round_1\arduino_due_x_dbg\Debug\robomodule_due_CAN.cpp.o
LOAD C:\Users\wwwli\AppData\Local\Temp\VMBuilds\round_1\arduino_due_x_dbg\Debug\due_can\due_can.cpp.o
LOAD C:\Users\wwwli\AppData\Local\Temp\VMBuilds\round_1\arduino_due_x_dbg\Debug\variant\variant.cpp.o
LOAD C:\Users\wwwli\AppData\Local\arduino15\packages\arduino\hardware\sam\1.6.11\variants\arduino_due_x/libsam_sam3x8e_gcc_rel.a
LOAD C:\Users\wwwli\AppData\Local\Temp\VMBuilds\round_1\arduino_due_x_dbg\Debug/core.a
END GROUP
LOAD c:/users/wwwli/appdata/local/arduino15/packages/arduino/tools/arm-none-eabi-gcc/4.8.3-2014q1/bin/../lib/gcc/arm-none-eabi/4.8.3/../../../../arm-none-eabi/lib/armv7-m\libm.a
START GROUP
LOAD c:/users/wwwli/appdata/local/arduino15/packages/arduino/tools/arm-none-eabi-gcc/4.8.3-2014q1/bin/../lib/gcc/arm-none-eabi/4.8.3/armv7-m\libgcc.a
LOAD c:/users/wwwli/appdata/local/arduino15/packages/arduino/tools/arm-none-eabi-gcc/4.8.3-2014q1/bin/../lib/gcc/arm-none-eabi/4.8.3/../../../../arm-none-eabi/lib/armv7-m\libg.a
LOAD c:/users/wwwli/appdata/local/arduino15/packages/arduino/tools/arm-none-eabi-gcc/4.8.3-2014q1/bin/../lib/gcc/arm-none-eabi/4.8.3/../../../../arm-none-eabi/lib/armv7-m\libc.a
END GROUP
LOAD c:/users/wwwli/appdata/local/arduino15/packages/arduino/tools/arm-none-eabi-gcc/4.8.3-2014q1/bin/../lib/gcc/arm-none-eabi/4.8.3/armv7-m/crtend.o
LOAD c:/users/wwwli/appdata/local/arduino15/packages/arduino/tools/arm-none-eabi-gcc/4.8.3-2014q1/bin/../lib/gcc/arm-none-eabi/4.8.3/armv7-m/crtn.o

.text           0x00080000     0x767c
                0x00080000                . = ALIGN (0x4)
                0x00080000                _sfixed = .
 *(.vectors .vectors.*)
 .vectors       0x00080000       0xf4 C:\Users\wwwli\AppData\Local\arduino15\packages\arduino\hardware\sam\1.6.11\variants\arduino_due_x/libsam_sam3x8e_gcc_rel.a(startup_sam3xa.o)
                0x00080000                exception_table
 *(.text .text.* .gnu.linkonce.t.*)
 .text          0x000800f4       0x54 c:/users/wwwli/appdata/local/arduino15/packages/arduino/tools/arm-none-eabi-gcc/4.8.3-2014q1/bin/../lib/gcc/arm-none-eabi/4.8.3/armv7-m/crtbegin.o
 .text._Z8turnleftv
                0x00080148       0x6c C:\Users\wwwli\AppData\Local\Temp\VMBuilds\round_1\arduino_due_x_dbg\Debug\round_1.cpp.o
                0x00080148                turnleft()
 .text._Z9turnrightv
                0x000801b4       0x6c C:\Users\wwwli\AppData\Local\Temp\VMBuilds\round_1\arduino_due_x_dbg\Debug\round_1.cpp.o
                0x000801b4                turnright()
 .text._Z10stopwheelsv
                0x00080220       0x3c C:\Users\wwwli\AppData\Local\Temp\VMBuilds\round_1\arduino_due_x_dbg\Debug\round_1.cpp.o
                0x00080220                stopwheels()
 .text._Z14detectwallleftv
                0x0008025c       0xa8 C:\Users\wwwli\AppData\Local\Temp\VMBuilds\round_1\arduino_due_x_dbg\Debug\round_1.cpp.o
                0x0008025c                detectwallleft()
 .text._Z15detectwallrightv
                0x00080304       0xa4 C:\Users\wwwli\AppData\Local\Temp\VMBuilds\round_1\arduino_due_x_dbg\Debug\round_1.cpp.o
                0x00080304                detectwallright()
 .text._Z21detectwallfront_rightv
                0x000803a8       0x94 C:\Users\wwwli\AppData\Local\Temp\VMBuilds\round_1\arduino_due_x_dbg\Debug\round_1.cpp.o
                0x000803a8                detectwallfront_right()
 .text.loop     0x0008043c      0x918 C:\Users\wwwli\AppData\Local\Temp\VMBuilds\round_1\arduino_due_x_dbg\Debug\round_1.cpp.o
                0x0008043c                loop
 .text.startup._GLOBAL__sub_I_can
                0x00080d54        0xc C:\Users\wwwli\AppData\Local\Temp\VMBuilds\round_1\arduino_due_x_dbg\Debug\round_1.cpp.o
 .text.setup    0x00080d60       0xe0 C:\Users\wwwli\AppData\Local\Temp\VMBuilds\round_1\arduino_due_x_dbg\Debug\round_1.cpp.o
                0x00080d60                setup
 .text._ZN19CRobomodule_due_CANC2Ev
                0x00080e40        0xc C:\Users\wwwli\AppData\Local\Temp\VMBuilds\round_1\arduino_due_x_dbg\Debug\robomodule_due_CAN.cpp.o
                0x00080e40                CRobomodule_due_CAN::CRobomodule_due_CAN()
                0x00080e40                CRobomodule_due_CAN::CRobomodule_due_CAN()
 .text._ZN19CRobomodule_due_CAN11resetdriverEii
                0x00080e4c       0x3c C:\Users\wwwli\AppData\Local\Temp\VMBuilds\round_1\arduino_due_x_dbg\Debug\robomodule_due_CAN.cpp.o
                0x00080e4c                CRobomodule_due_CAN::resetdriver(int, int)
 .text._ZN19CRobomodule_due_CAN7setmodeEiii
                0x00080e88       0x44 C:\Users\wwwli\AppData\Local\Temp\VMBuilds\round_1\arduino_due_x_dbg\Debug\robomodule_due_CAN.cpp.o
                0x00080e88                CRobomodule_due_CAN::setmode(int, int, int)
 .text._ZN19CRobomodule_due_CAN13positionwheelEiiii
                0x00080ecc       0x60 C:\Users\wwwli\AppData\Local\Temp\VMBuilds\round_1\arduino_due_x_dbg\Debug\robomodule_due_CAN.cpp.o
                0x00080ecc                CRobomodule_due_CAN::positionwheel(int, int, int, int)
 .text._ZN19CRobomodule_due_CAN10speedwheelEiii
                0x00080f2c       0x44 C:\Users\wwwli\AppData\Local\Temp\VMBuilds\round_1\arduino_due_x_dbg\Debug\robomodule_due_CAN.cpp.o
                0x00080f2c                CRobomodule_due_CAN::speedwheel(int, int, int)
 .text._ZN19CRobomodule_due_CAN10initdriverEiiii
                0x00080f70       0x3c C:\Users\wwwli\AppData\Local\Temp\VMBuilds\round_1\arduino_due_x_dbg\Debug\robomodule_due_CAN.cpp.o
                0x00080f70                CRobomodule_due_CAN::initdriver(int, int, int, int)
 .text._ZN6CANRawC2EP3Canm
                0x00080fac       0x22 C:\Users\wwwli\AppData\Local\Temp\VMBuilds\round_1\arduino_due_x_dbg\Debug\due_can\due_can.cpp.o
                0x00080fac                CANRaw::CANRaw(Can*, unsigned long)
                0x00080fac                CANRaw::CANRaw(Can*, unsigned long)
 *fill*         0x00080fce        0x2 
 .text._ZN6CANRaw12set_baudrateEm
                0x00080fd0       0xcc C:\Users\wwwli\AppData\Local\Temp\VMBuilds\round_1\arduino_due_x_dbg\Debug\due_can\due_can.cpp.o
                0x00080fd0                CANRaw::set_baudrate(unsigned long)
 .text._ZN6CANRaw6enableEv
                0x0008109c       0x1a C:\Users\wwwli\AppData\Local\Temp\VMBuilds\round_1\arduino_due_x_dbg\Debug\due_can\due_can.cpp.o
                0x0008109c                CANRaw::enable()
 .text._ZN6CANRaw25mailbox_send_transfer_cmdEh
                0x000810b6       0x1a C:\Users\wwwli\AppData\Local\Temp\VMBuilds\round_1\arduino_due_x_dbg\Debug\due_can\due_can.cpp.o
                0x000810b6                CANRaw::mailbox_send_transfer_cmd(unsigned char)
 .text._ZN6CANRaw12mailbox_initEh
                0x000810d0       0x28 C:\Users\wwwli\AppData\Local\Temp\VMBuilds\round_1\arduino_due_x_dbg\Debug\due_can\due_can.cpp.o
                0x000810d0                CANRaw::mailbox_init(unsigned char)
 .text._ZN6CANRaw17reset_all_mailboxEv
                0x000810f8       0x16 C:\Users\wwwli\AppData\Local\Temp\VMBuilds\round_1\arduino_due_x_dbg\Debug\due_can\due_can.cpp.o
                0x000810f8                CANRaw::reset_all_mailbox()
 .text._ZN6CANRaw12mailbox_readEhPV9CAN_FRAME
                0x0008110e       0x78 C:\Users\wwwli\AppData\Local\Temp\VMBuilds\round_1\arduino_due_x_dbg\Debug\due_can\due_can.cpp.o
                0x0008110e                CANRaw::mailbox_read(unsigned char, CAN_FRAME volatile*)
 *fill*         0x00081186        0x2 
 .text._ZN6CANRaw14mailbox_set_idEhmb
                0x00081188       0x2c C:\Users\wwwli\AppData\Local\Temp\VMBuilds\round_1\arduino_due_x_dbg\Debug\due_can\due_can.cpp.o
                0x00081188                CANRaw::mailbox_set_id(unsigned char, unsigned long, bool)
 .text._ZN6CANRaw20mailbox_set_priorityEhh
                0x000811b4       0x1e C:\Users\wwwli\AppData\Local\Temp\VMBuilds\round_1\arduino_due_x_dbg\Debug\due_can\due_can.cpp.o
                0x000811b4                CANRaw::mailbox_set_priority(unsigned char, unsigned char)
 *fill*         0x000811d2        0x2 
 .text._ZN6CANRaw23mailbox_set_accept_maskEhmb
                0x000811d4       0x48 C:\Users\wwwli\AppData\Local\Temp\VMBuilds\round_1\arduino_due_x_dbg\Debug\due_can\due_can.cpp.o
                0x000811d4                CANRaw::mailbox_set_accept_mask(unsigned char, unsigned long, bool)
 .text._ZN6CANRaw16mailbox_set_modeEhh
                0x0008121c       0x24 C:\Users\wwwli\AppData\Local\Temp\VMBuilds\round_1\arduino_due_x_dbg\Debug\due_can\due_can.cpp.o
                0x0008121c                CANRaw::mailbox_set_mode(unsigned char, unsigned char)
 .text._ZN6CANRaw13setNumTXBoxesEi
                0x00081240       0x7a C:\Users\wwwli\AppData\Local\Temp\VMBuilds\round_1\arduino_due_x_dbg\Debug\due_can\due_can.cpp.o
                0x00081240                CANRaw::setNumTXBoxes(int)
 *fill*         0x000812ba        0x2 
 .text._ZN6CANRaw4initEm
                0x000812bc       0xd8 C:\Users\wwwli\AppData\Local\Temp\VMBuilds\round_1\arduino_due_x_dbg\Debug\due_can\due_can.cpp.o
                0x000812bc                CANRaw::init(unsigned long)
 .text._ZN6CANRaw5beginEm
                0x00081394        0x4 C:\Users\wwwli\AppData\Local\Temp\VMBuilds\round_1\arduino_due_x_dbg\Debug\due_can\due_can.cpp.o
                0x00081394                CANRaw::begin(unsigned long)
 .text._ZN6CANRaw20mailbox_set_databyteEhhh
                0x00081398       0x52 C:\Users\wwwli\AppData\Local\Temp\VMBuilds\round_1\arduino_due_x_dbg\Debug\due_can\due_can.cpp.o
                0x00081398                CANRaw::mailbox_set_databyte(unsigned char, unsigned char, unsigned char)
 .text._ZN6CANRaw19mailbox_set_datalenEhh
                0x000813ea       0x28 C:\Users\wwwli\AppData\Local\Temp\VMBuilds\round_1\arduino_due_x_dbg\Debug\due_can\due_can.cpp.o
                0x000813ea                CANRaw::mailbox_set_datalen(unsigned char, unsigned char)
 .text._ZN6CANRaw9sendFrameER9CAN_FRAME
                0x00081412       0xea C:\Users\wwwli\AppData\Local\Temp\VMBuilds\round_1\arduino_due_x_dbg\Debug\due_can\due_can.cpp.o
                0x00081412                CANRaw::sendFrame(CAN_FRAME&)
 .text._ZN6CANRaw11setRXFilterEhmmb
                0x000814fc       0x3c C:\Users\wwwli\AppData\Local\Temp\VMBuilds\round_1\arduino_due_x_dbg\Debug\due_can\due_can.cpp.o
                0x000814fc                CANRaw::setRXFilter(unsigned char, unsigned long, unsigned long, bool)
 .text._ZN6CANRaw8watchForEv
                0x00081538       0x32 C:\Users\wwwli\AppData\Local\Temp\VMBuilds\round_1\arduino_due_x_dbg\Debug\due_can\due_can.cpp.o
                0x00081538                CANRaw::watchFor()
 .text._ZN6CANRaw19mailbox_int_handlerEhm
                0x0008156a      0x18a C:\Users\wwwli\AppData\Local\Temp\VMBuilds\round_1\arduino_due_x_dbg\Debug\due_can\due_can.cpp.o
                0x0008156a                CANRaw::mailbox_int_handler(unsigned char, unsigned long)
 .text._ZN6CANRaw16interruptHandlerEv
                0x000816f4       0x7c C:\Users\wwwli\AppData\Local\Temp\VMBuilds\round_1\arduino_due_x_dbg\Debug\due_can\due_can.cpp.o
                0x000816f4                CANRaw::interruptHandler()
 .text.CAN0_Handler
                0x00081770        0xc C:\Users\wwwli\AppData\Local\Temp\VMBuilds\round_1\arduino_due_x_dbg\Debug\due_can\due_can.cpp.o
                0x00081770                CAN0_Handler
 .text.CAN1_Handler
                0x0008177c        0xc C:\Users\wwwli\AppData\Local\Temp\VMBuilds\round_1\arduino_due_x_dbg\Debug\due_can\due_can.cpp.o
                0x0008177c                CAN1_Handler
 .text.startup._GLOBAL__sub_I__ZN6CANRawC2EP3Canm
                0x00081788       0x2c C:\Users\wwwli\AppData\Local\Temp\VMBuilds\round_1\arduino_due_x_dbg\Debug\due_can\due_can.cpp.o
 .text._Z11serialEventv
                0x000817b4        0x2 C:\Users\wwwli\AppData\Local\Temp\VMBuilds\round_1\arduino_due_x_dbg\Debug\variant\variant.cpp.o
                0x000817b4                serialEvent()
 *fill*         0x000817b6        0x2 
 .text.UART_Handler
                0x000817b8        0xc C:\Users\wwwli\AppData\Local\Temp\VMBuilds\round_1\arduino_due_x_dbg\Debug\variant\variant.cpp.o
                0x000817b8                UART_Handler
 .text._Z12serialEvent1v
                0x000817c4        0x2 C:\Users\wwwli\AppData\Local\Temp\VMBuilds\round_1\arduino_due_x_dbg\Debug\variant\variant.cpp.o
                0x000817c4                serialEvent1()
 .text._Z12serialEvent2v
                0x000817c6        0x2 C:\Users\wwwli\AppData\Local\Temp\VMBuilds\round_1\arduino_due_x_dbg\Debug\variant\variant.cpp.o
                0x000817c6                serialEvent2()
 .text._Z12serialEvent3v
                0x000817c8        0x2 C:\Users\wwwli\AppData\Local\Temp\VMBuilds\round_1\arduino_due_x_dbg\Debug\variant\variant.cpp.o
                0x000817c8                serialEvent3()
 *fill*         0x000817ca        0x2 
 .text.USART0_Handler
                0x000817cc        0xc C:\Users\wwwli\AppData\Local\Temp\VMBuilds\round_1\arduino_due_x_dbg\Debug\variant\variant.cpp.o
                0x000817cc                USART0_Handler
 .text.USART1_Handler
                0x000817d8        0xc C:\Users\wwwli\AppData\Local\Temp\VMBuilds\round_1\arduino_due_x_dbg\Debug\variant\variant.cpp.o
                0x000817d8                USART1_Handler
 .text.USART3_Handler
                0x000817e4        0xc C:\Users\wwwli\AppData\Local\Temp\VMBuilds\round_1\arduino_due_x_dbg\Debug\variant\variant.cpp.o
                0x000817e4                USART3_Handler
 .text.init     0x000817f0      0x128 C:\Users\wwwli\AppData\Local\Temp\VMBuilds\round_1\arduino_due_x_dbg\Debug\variant\variant.cpp.o
                0x000817f0                init
 .text.startup._GLOBAL__sub_I_g_APinDescription
                0x00081918       0xd4 C:\Users\wwwli\AppData\Local\Temp\VMBuilds\round_1\arduino_due_x_dbg\Debug\variant\variant.cpp.o
 .text._Z14serialEventRunv
                0x000819ec       0x44 C:\Users\wwwli\AppData\Local\Temp\VMBuilds\round_1\arduino_due_x_dbg\Debug\variant\variant.cpp.o
                0x000819ec                serialEventRun()
 .text.PIO_PullUp
                0x00081a30        0xa C:\Users\wwwli\AppData\Local\arduino15\packages\arduino\hardware\sam\1.6.11\variants\arduino_due_x/libsam_sam3x8e_gcc_rel.a(pio.o)
                0x00081a30                PIO_PullUp
 .text.PIO_Get  0x00081a3a       0x14 C:\Users\wwwli\AppData\Local\arduino15\packages\arduino\hardware\sam\1.6.11\variants\arduino_due_x/libsam_sam3x8e_gcc_rel.a(pio.o)
                0x00081a3a                PIO_Get
 .text.PIO_SetPeripheral
                0x00081a4e       0x26 C:\Users\wwwli\AppData\Local\arduino15\packages\arduino\hardware\sam\1.6.11\variants\arduino_due_x/libsam_sam3x8e_gcc_rel.a(pio.o)
                0x00081a4e                PIO_SetPeripheral
 .text.PIO_SetInput
                0x00081a74       0x26 C:\Users\wwwli\AppData\Local\arduino15\packages\arduino\hardware\sam\1.6.11\variants\arduino_due_x/libsam_sam3x8e_gcc_rel.a(pio.o)
                0x00081a74                PIO_SetInput
 .text.PIO_SetOutput
                0x00081a9a       0x24 C:\Users\wwwli\AppData\Local\arduino15\packages\arduino\hardware\sam\1.6.11\variants\arduino_due_x/libsam_sam3x8e_gcc_rel.a(pio.o)
                0x00081a9a                PIO_SetOutput
 *fill*         0x00081abe        0x2 
 .text.PIO_Configure
                0x00081ac0       0x64 C:\Users\wwwli\AppData\Local\arduino15\packages\arduino\hardware\sam\1.6.11\variants\arduino_due_x/libsam_sam3x8e_gcc_rel.a(pio.o)
                0x00081ac0                PIO_Configure
 .text.PIO_GetOutputDataStatus
                0x00081b24       0x14 C:\Users\wwwli\AppData\Local\arduino15\packages\arduino\hardware\sam\1.6.11\variants\arduino_due_x/libsam_sam3x8e_gcc_rel.a(pio.o)
                0x00081b24                PIO_GetOutputDataStatus
 .text.pmc_enable_upll_clock
                0x00081b38       0x14 C:\Users\wwwli\AppData\Local\arduino15\packages\arduino\hardware\sam\1.6.11\variants\arduino_due_x/libsam_sam3x8e_gcc_rel.a(pmc.o)
                0x00081b38                pmc_enable_upll_clock
 .text.pmc_enable_periph_clk
                0x00081b4c       0x44 C:\Users\wwwli\AppData\Local\arduino15\packages\arduino\hardware\sam\1.6.11\variants\arduino_due_x/libsam_sam3x8e_gcc_rel.a(pmc.o)
                0x00081b4c                pmc_enable_periph_clk
 .text.pmc_disable_periph_clk
                0x00081b90       0x40 C:\Users\wwwli\AppData\Local\arduino15\packages\arduino\hardware\sam\1.6.11\variants\arduino_due_x/libsam_sam3x8e_gcc_rel.a(pmc.o)
                0x00081b90                pmc_disable_periph_clk
 .text.pmc_switch_udpck_to_upllck
                0x00081bd0       0x14 C:\Users\wwwli\AppData\Local\arduino15\packages\arduino\hardware\sam\1.6.11\variants\arduino_due_x/libsam_sam3x8e_gcc_rel.a(pmc.o)
                0x00081bd0                pmc_switch_udpck_to_upllck
 .text.pmc_enable_udpck
                0x00081be4        0xc C:\Users\wwwli\AppData\Local\arduino15\packages\arduino\hardware\sam\1.6.11\variants\arduino_due_x/libsam_sam3x8e_gcc_rel.a(pmc.o)
                0x00081be4                pmc_enable_udpck
 .text.SystemInit
                0x00081bf0       0x88 C:\Users\wwwli\AppData\Local\arduino15\packages\arduino\hardware\sam\1.6.11\variants\arduino_due_x/libsam_sam3x8e_gcc_rel.a(system_sam3xa.o)
                0x00081bf0                SystemInit
 .text.Reset_Handler
                0x00081c78       0x78 C:\Users\wwwli\AppData\Local\arduino15\packages\arduino\hardware\sam\1.6.11\variants\arduino_due_x/libsam_sam3x8e_gcc_rel.a(startup_sam3xa.o)
                0x00081c78                Reset_Handler
 .text.adc_init
                0x00081cf0       0x98 C:\Users\wwwli\AppData\Local\arduino15\packages\arduino\hardware\sam\1.6.11\variants\arduino_due_x/libsam_sam3x8e_gcc_rel.a(adc.o)
                0x00081cf0                adc_init
 .text.adc_configure_trigger
                0x00081d88        0xe C:\Users\wwwli\AppData\Local\arduino15\packages\arduino\hardware\sam\1.6.11\variants\arduino_due_x/libsam_sam3x8e_gcc_rel.a(adc.o)
                0x00081d88                adc_configure_trigger
 .text.adc_configure_timing
                0x00081d96       0x1a C:\Users\wwwli\AppData\Local\arduino15\packages\arduino\hardware\sam\1.6.11\variants\arduino_due_x/libsam_sam3x8e_gcc_rel.a(adc.o)
                0x00081d96                adc_configure_timing
 .text.adc_disable_channel
                0x00081db0        0xa C:\Users\wwwli\AppData\Local\arduino15\packages\arduino\hardware\sam\1.6.11\variants\arduino_due_x/libsam_sam3x8e_gcc_rel.a(adc.o)
                0x00081db0                adc_disable_channel
 .text.adc_disable_all_channel
                0x00081dba        0x8 C:\Users\wwwli\AppData\Local\arduino15\packages\arduino\hardware\sam\1.6.11\variants\arduino_due_x/libsam_sam3x8e_gcc_rel.a(adc.o)
                0x00081dba                adc_disable_all_channel
 .text.adc_disable_interrupt
                0x00081dc2        0x4 C:\Users\wwwli\AppData\Local\arduino15\packages\arduino\hardware\sam\1.6.11\variants\arduino_due_x/libsam_sam3x8e_gcc_rel.a(adc.o)
                0x00081dc2                adc_disable_interrupt
 *fill*         0x00081dc6        0x2 
 .text.UOTGHS_Handler
                0x00081dc8       0x10 C:\Users\wwwli\AppData\Local\arduino15\packages\arduino\hardware\sam\1.6.11\variants\arduino_due_x/libsam_sam3x8e_gcc_rel.a(uotghs.o)
                0x00081dc8                UOTGHS_Handler
 .text.__halt   0x00081dd8        0x2 C:\Users\wwwli\AppData\Local\Temp\VMBuilds\round_1\arduino_due_x_dbg\Debug/core.a(cortex_handlers.c.o)
                0x00081dd8                DACC_Handler
                0x00081dd8                DebugMon_Handler
                0x00081dd8                DMAC_Handler
                0x00081dd8                TRNG_Handler
                0x00081dd8                HardFault_Handler
                0x00081dd8                TC2_Handler
                0x00081dd8                TWI1_Handler
                0x00081dd8                NMI_Handler
                0x00081dd8                TC7_Handler
                0x00081dd8                ADC_Handler
                0x00081dd8                SMC_Handler
                0x00081dd8                RTT_Handler
                0x00081dd8                EFC1_Handler
                0x00081dd8                PIOB_Handler
                0x00081dd8                RTC_Handler
                0x00081dd8                UsageFault_Handler
                0x00081dd8                TC6_Handler
                0x00081dd8                WDT_Handler
                0x00081dd8                TC4_Handler
                0x00081dd8                TC1_Handler
                0x00081dd8                HSMCI_Handler
                0x00081dd8                TC3_Handler
                0x00081dd8                TWI0_Handler
                0x00081dd8                PIOA_Handler
                0x00081dd8                SSC_Handler
                0x00081dd8                EFC0_Handler
                0x00081dd8                PMC_Handler
                0x00081dd8                PWM_Handler
                0x00081dd8                MemManage_Handler
                0x00081dd8                SUPC_Handler
                0x00081dd8                TC8_Handler
                0x00081dd8                USART2_Handler
                0x00081dd8                PIOD_Handler
                0x00081dd8                EMAC_Handler
                0x00081dd8                PIOC_Handler
                0x00081dd8                BusFault_Handler
                0x00081dd8                RSTC_Handler
                0x00081dd8                TC0_Handler
                0x00081dd8                TC5_Handler
                0x00081dd8                SPI0_Handler
 .text.SVC_Handler
                0x00081dda        0x4 C:\Users\wwwli\AppData\Local\Temp\VMBuilds\round_1\arduino_due_x_dbg\Debug/core.a(cortex_handlers.c.o)
                0x00081dda                SVC_Handler
 .text.PendSV_Handler
                0x00081dde        0x4 C:\Users\wwwli\AppData\Local\Temp\VMBuilds\round_1\arduino_due_x_dbg\Debug/core.a(cortex_handlers.c.o)
                0x00081dde                PendSV_Handler
 .text.SysTick_Handler
                0x00081de2       0x16 C:\Users\wwwli\AppData\Local\Temp\VMBuilds\round_1\arduino_due_x_dbg\Debug/core.a(cortex_handlers.c.o)
                0x00081de2                SysTick_Handler
 .text.__empty  0x00081df8        0x2 C:\Users\wwwli\AppData\Local\Temp\VMBuilds\round_1\arduino_due_x_dbg\Debug/core.a(hooks.c.o)
                0x00081df8                yield
 .text.__false  0x00081dfa        0x4 C:\Users\wwwli\AppData\Local\Temp\VMBuilds\round_1\arduino_due_x_dbg\Debug/core.a(hooks.c.o)
                0x00081dfa                sysTickHook
 .text.__halt   0x00081dfe        0x2 C:\Users\wwwli\AppData\Local\Temp\VMBuilds\round_1\arduino_due_x_dbg\Debug/core.a(hooks.c.o)
                0x00081dfe                svcHook
                0x00081dfe                pendSVHook
 .text._sbrk    0x00081e00       0x1c C:\Users\wwwli\AppData\Local\Temp\VMBuilds\round_1\arduino_due_x_dbg\Debug/core.a(syscalls_sam3.c.o)
                0x00081e00                _sbrk
 .text.link     0x00081e1c        0x6 C:\Users\wwwli\AppData\Local\Temp\VMBuilds\round_1\arduino_due_x_dbg\Debug/core.a(syscalls_sam3.c.o)
                0x00081e1c                link
 .text._close   0x00081e22        0x6 C:\Users\wwwli\AppData\Local\Temp\VMBuilds\round_1\arduino_due_x_dbg\Debug/core.a(syscalls_sam3.c.o)
                0x00081e22                _close
 .text._fstat   0x00081e28        0xa C:\Users\wwwli\AppData\Local\Temp\VMBuilds\round_1\arduino_due_x_dbg\Debug/core.a(syscalls_sam3.c.o)
                0x00081e28                _fstat
 .text._isatty  0x00081e32        0x4 C:\Users\wwwli\AppData\Local\Temp\VMBuilds\round_1\arduino_due_x_dbg\Debug/core.a(syscalls_sam3.c.o)
                0x00081e32                _isatty
 .text._lseek   0x00081e36        0x4 C:\Users\wwwli\AppData\Local\Temp\VMBuilds\round_1\arduino_due_x_dbg\Debug/core.a(syscalls_sam3.c.o)
                0x00081e36                _lseek
 .text._read    0x00081e3a        0x4 C:\Users\wwwli\AppData\Local\Temp\VMBuilds\round_1\arduino_due_x_dbg\Debug/core.a(syscalls_sam3.c.o)
                0x00081e3a                _read
 *fill*         0x00081e3e        0x2 
 .text._write   0x00081e40       0x24 C:\Users\wwwli\AppData\Local\Temp\VMBuilds\round_1\arduino_due_x_dbg\Debug/core.a(syscalls_sam3.c.o)
                0x00081e40                _write
 .text._exit    0x00081e64       0x10 C:\Users\wwwli\AppData\Local\Temp\VMBuilds\round_1\arduino_due_x_dbg\Debug/core.a(syscalls_sam3.c.o)
                0x00081e64                _exit
 .text._kill    0x00081e74        0x2 C:\Users\wwwli\AppData\Local\Temp\VMBuilds\round_1\arduino_due_x_dbg\Debug/core.a(syscalls_sam3.c.o)
                0x00081e74                _kill
 .text._getpid  0x00081e76        0x6 C:\Users\wwwli\AppData\Local\Temp\VMBuilds\round_1\arduino_due_x_dbg\Debug/core.a(syscalls_sam3.c.o)
                0x00081e76                _getpid
 .text.delay    0x00081e7c       0x1c C:\Users\wwwli\AppData\Local\Temp\VMBuilds\round_1\arduino_due_x_dbg\Debug/core.a(wiring.c.o)
                0x00081e7c                delay
 .text.analogOutputInit
                0x00081e98        0x2 C:\Users\wwwli\AppData\Local\Temp\VMBuilds\round_1\arduino_due_x_dbg\Debug/core.a(wiring_analog.c.o)
                0x00081e98                analogOutputInit
 *fill*         0x00081e9a        0x2 
 .text.pinMode  0x00081e9c      0x108 C:\Users\wwwli\AppData\Local\Temp\VMBuilds\round_1\arduino_due_x_dbg\Debug/core.a(wiring_digital.c.o)
                0x00081e9c                pinMode
 .text.digitalWrite
                0x00081fa4       0x70 C:\Users\wwwli\AppData\Local\Temp\VMBuilds\round_1\arduino_due_x_dbg\Debug/core.a(wiring_digital.c.o)
                0x00081fa4                digitalWrite
 .text.digitalRead
                0x00082014       0x44 C:\Users\wwwli\AppData\Local\Temp\VMBuilds\round_1\arduino_due_x_dbg\Debug/core.a(wiring_digital.c.o)
                0x00082014                digitalRead
 .text.initVariant
                0x00082058        0x2 C:\Users\wwwli\AppData\Local\Temp\VMBuilds\round_1\arduino_due_x_dbg\Debug/core.a(main.cpp.o)
                0x00082058                initVariant
 *fill*         0x0008205a        0x2 
 .text.startup.main
                0x0008205c       0x38 C:\Users\wwwli\AppData\Local\Temp\VMBuilds\round_1\arduino_due_x_dbg\Debug/core.a(main.cpp.o)
                0x0008205c                main
 .text._ZN5Print5writeEPKhj
                0x00082094       0x22 C:\Users\wwwli\AppData\Local\Temp\VMBuilds\round_1\arduino_due_x_dbg\Debug/core.a(Print.cpp.o)
                0x00082094                Print::write(unsigned char const*, unsigned int)
 .text._ZN5Print5printEmi.part.3
                0x000820b6        0xc C:\Users\wwwli\AppData\Local\Temp\VMBuilds\round_1\arduino_due_x_dbg\Debug/core.a(Print.cpp.o)
 .text._ZN5Print5writeEPKc
                0x000820c2       0x1e C:\Users\wwwli\AppData\Local\Temp\VMBuilds\round_1\arduino_due_x_dbg\Debug/core.a(Print.cpp.o)
                0x000820c2                Print::write(char const*)
 .text._ZN5Print5printEPKc
                0x000820e0        0x8 C:\Users\wwwli\AppData\Local\Temp\VMBuilds\round_1\arduino_due_x_dbg\Debug/core.a(Print.cpp.o)
                0x000820e0                Print::print(char const*)
 .text._ZN5Print5printEc
                0x000820e8        0xa C:\Users\wwwli\AppData\Local\Temp\VMBuilds\round_1\arduino_due_x_dbg\Debug/core.a(Print.cpp.o)
                0x000820e8                Print::print(char)
 *fill*         0x000820f2        0x2 
 .text._ZN5Print7printlnEv
                0x000820f4       0x10 C:\Users\wwwli\AppData\Local\Temp\VMBuilds\round_1\arduino_due_x_dbg\Debug/core.a(Print.cpp.o)
                0x000820f4                Print::println()
 .text._ZN5Print7printlnEPKc
                0x00082104       0x14 C:\Users\wwwli\AppData\Local\Temp\VMBuilds\round_1\arduino_due_x_dbg\Debug/core.a(Print.cpp.o)
                0x00082104                Print::println(char const*)
 .text._ZN5Print11printNumberEmh
                0x00082118       0x3e C:\Users\wwwli\AppData\Local\Temp\VMBuilds\round_1\arduino_due_x_dbg\Debug/core.a(Print.cpp.o)
                0x00082118                Print::printNumber(unsigned long, unsigned char)
 .text._ZN5Print5printEli
                0x00082156       0x3c C:\Users\wwwli\AppData\Local\Temp\VMBuilds\round_1\arduino_due_x_dbg\Debug/core.a(Print.cpp.o)
                0x00082156                Print::print(long, int)
 .text._ZN5Print5printEii
                0x00082192        0x4 C:\Users\wwwli\AppData\Local\Temp\VMBuilds\round_1\arduino_due_x_dbg\Debug/core.a(Print.cpp.o)
                0x00082192                Print::print(int, int)
 .text._ZN5Print7printlnEii
                0x00082196       0x14 C:\Users\wwwli\AppData\Local\Temp\VMBuilds\round_1\arduino_due_x_dbg\Debug/core.a(Print.cpp.o)
                0x00082196                Print::println(int, int)
 .text._ZN5Print5printEmi
                0x000821aa        0xc C:\Users\wwwli\AppData\Local\Temp\VMBuilds\round_1\arduino_due_x_dbg\Debug/core.a(Print.cpp.o)
                0x000821aa                Print::print(unsigned long, int)
 *fill*         0x000821b6        0x2 
 .text.initiateReset
                0x000821b8        0xc C:\Users\wwwli\AppData\Local\Temp\VMBuilds\round_1\arduino_due_x_dbg\Debug/core.a(Reset.cpp.o)
                0x000821b8                initiateReset
 .text.cancelReset
                0x000821c4       0x10 C:\Users\wwwli\AppData\Local\Temp\VMBuilds\round_1\arduino_due_x_dbg\Debug/core.a(Reset.cpp.o)
                0x000821c4                cancelReset
 .text.tickReset
                0x000821d4       0x20 C:\Users\wwwli\AppData\Local\Temp\VMBuilds\round_1\arduino_due_x_dbg\Debug/core.a(Reset.cpp.o)
                0x000821d4                tickReset
 .text._ZN10RingBufferC2Ev
                0x000821f4       0x1a C:\Users\wwwli\AppData\Local\Temp\VMBuilds\round_1\arduino_due_x_dbg\Debug/core.a(RingBuffer.cpp.o)
                0x000821f4                RingBuffer::RingBuffer()
                0x000821f4                RingBuffer::RingBuffer()
 .text._ZN10RingBuffer10store_charEh
                0x0008220e       0x1e C:\Users\wwwli\AppData\Local\Temp\VMBuilds\round_1\arduino_due_x_dbg\Debug/core.a(RingBuffer.cpp.o)
                0x0008220e                RingBuffer::store_char(unsigned char)
 .text._ZN9UARTClasscvbEv
                0x0008222c        0x4 C:\Users\wwwli\AppData\Local\Temp\VMBuilds\round_1\arduino_due_x_dbg\Debug/core.a(UARTClass.cpp.o)
                0x0008222c                UARTClass::operator bool()
 .text._ZN9UARTClass9availableEv
                0x00082230       0x12 C:\Users\wwwli\AppData\Local\Temp\VMBuilds\round_1\arduino_due_x_dbg\Debug/core.a(UARTClass.cpp.o)
                0x00082230                UARTClass::available()
 .text._ZN9UARTClass4peekEv
                0x00082242       0x1c C:\Users\wwwli\AppData\Local\Temp\VMBuilds\round_1\arduino_due_x_dbg\Debug/core.a(UARTClass.cpp.o)
                0x00082242                UARTClass::peek()
 .text._ZN9UARTClass4readEv
                0x0008225e       0x2a C:\Users\wwwli\AppData\Local\Temp\VMBuilds\round_1\arduino_due_x_dbg\Debug/core.a(UARTClass.cpp.o)
                0x0008225e                UARTClass::read()
 .text._ZN9UARTClass5flushEv
                0x00082288       0x18 C:\Users\wwwli\AppData\Local\Temp\VMBuilds\round_1\arduino_due_x_dbg\Debug/core.a(UARTClass.cpp.o)
                0x00082288                UARTClass::flush()
 .text._ZN9UARTClass5writeEh
                0x000822a0       0x54 C:\Users\wwwli\AppData\Local\Temp\VMBuilds\round_1\arduino_due_x_dbg\Debug/core.a(UARTClass.cpp.o)
                0x000822a0                UARTClass::write(unsigned char)
 .text._ZN9UARTClass3endEv
                0x000822f4       0x3c C:\Users\wwwli\AppData\Local\Temp\VMBuilds\round_1\arduino_due_x_dbg\Debug/core.a(UARTClass.cpp.o)
                0x000822f4                UARTClass::end()
 .text._ZN9UARTClassC2EP4Uart4IRQnmP10RingBufferS4_
                0x00082330       0x24 C:\Users\wwwli\AppData\Local\Temp\VMBuilds\round_1\arduino_due_x_dbg\Debug/core.a(UARTClass.cpp.o)
                0x00082330                UARTClass::UARTClass(Uart*, IRQn, unsigned long, RingBuffer*, RingBuffer*)
                0x00082330                UARTClass::UARTClass(Uart*, IRQn, unsigned long, RingBuffer*, RingBuffer*)
 .text._ZN9UARTClass4initEmm
                0x00082354       0x70 C:\Users\wwwli\AppData\Local\Temp\VMBuilds\round_1\arduino_due_x_dbg\Debug/core.a(UARTClass.cpp.o)
                0x00082354                UARTClass::init(unsigned long, unsigned long)
 .text._ZN9UARTClass5beginEm
                0x000823c4        0x8 C:\Users\wwwli\AppData\Local\Temp\VMBuilds\round_1\arduino_due_x_dbg\Debug/core.a(UARTClass.cpp.o)
                0x000823c4                UARTClass::begin(unsigned long)
 .text._ZN9UARTClass10IrqHandlerEv
                0x000823cc       0x5a C:\Users\wwwli\AppData\Local\Temp\VMBuilds\round_1\arduino_due_x_dbg\Debug/core.a(UARTClass.cpp.o)
                0x000823cc                UARTClass::IrqHandler()
 .text._ZN10USARTClass5beginEm
                0x00082426        0x8 C:\Users\wwwli\AppData\Local\Temp\VMBuilds\round_1\arduino_due_x_dbg\Debug/core.a(USARTClass.cpp.o)
                0x00082426                USARTClass::begin(unsigned long)
 *fill*         0x0008242e        0x2 
 .text._ZN10USARTClassC2EP5Usart4IRQnmP10RingBufferS4_
                0x00082430       0x24 C:\Users\wwwli\AppData\Local\Temp\VMBuilds\round_1\arduino_due_x_dbg\Debug/core.a(USARTClass.cpp.o)
                0x00082430                USARTClass::USARTClass(Usart*, IRQn, unsigned long, RingBuffer*, RingBuffer*)
                0x00082430                USARTClass::USARTClass(Usart*, IRQn, unsigned long, RingBuffer*, RingBuffer*)
 .text._watchdogDefaultSetup
                0x00082454        0xc C:\Users\wwwli\AppData\Local\Temp\VMBuilds\round_1\arduino_due_x_dbg\Debug/core.a(watchdog.cpp.o)
                0x00082454                _watchdogDefaultSetup
                0x00082454                watchdogSetup()
 .text.pulseIn  0x00082460       0x60 C:\Users\wwwli\AppData\Local\Temp\VMBuilds\round_1\arduino_due_x_dbg\Debug/core.a(wiring_pulse.cpp.o)
                0x00082460                pulseIn
 .text.unlikely._ZL11USB_SendZlpv
                0x000824c0       0x20 C:\Users\wwwli\AppData\Local\Temp\VMBuilds\round_1\arduino_due_x_dbg\Debug/core.a(USBCore.cpp.o)
 .text._Z14USBD_Availablem
                0x000824e0       0x2c C:\Users\wwwli\AppData\Local\Temp\VMBuilds\round_1\arduino_due_x_dbg\Debug/core.a(USBCore.cpp.o)
                0x000824e0                USBD_Available(unsigned long)
 .text._Z9USBD_RecvmPvm
                0x0008250c       0x7c C:\Users\wwwli\AppData\Local\Temp\VMBuilds\round_1\arduino_due_x_dbg\Debug/core.a(USBCore.cpp.o)
                0x0008250c                USBD_Recv(unsigned long, void*, unsigned long)
 .text._Z9USBD_Recvm
                0x00082588       0x22 C:\Users\wwwli\AppData\Local\Temp\VMBuilds\round_1\arduino_due_x_dbg\Debug/core.a(USBCore.cpp.o)
                0x00082588                USBD_Recv(unsigned long)
 *fill*         0x000825aa        0x2 
 .text._Z9USBD_SendmPKvm
                0x000825ac       0x4c C:\Users\wwwli\AppData\Local\Temp\VMBuilds\round_1\arduino_due_x_dbg\Debug/core.a(USBCore.cpp.o)
                0x000825ac                USBD_Send(unsigned long, void const*, unsigned long)
 .text._Z16USBD_SendControlhPKvm
                0x000825f8       0x40 C:\Users\wwwli\AppData\Local\Temp\VMBuilds\round_1\arduino_due_x_dbg\Debug/core.a(USBCore.cpp.o)
                0x000825f8                USBD_SendControl(unsigned char, void const*, unsigned long)
 .text.unlikely._ZL24USB_SendStringDescriptorPKhi
                0x00082638       0x64 C:\Users\wwwli\AppData\Local\Temp\VMBuilds\round_1\arduino_due_x_dbg\Debug/core.a(USBCore.cpp.o)
 .text._Z16USBD_RecvControlPvm
                0x0008269c       0x1c C:\Users\wwwli\AppData\Local\Temp\VMBuilds\round_1\arduino_due_x_dbg\Debug/core.a(USBCore.cpp.o)
                0x0008269c                USBD_RecvControl(void*, unsigned long)
 .text._Z26USBD_ClassInterfaceRequestR8USBSetup
                0x000826b8       0x1e C:\Users\wwwli\AppData\Local\Temp\VMBuilds\round_1\arduino_due_x_dbg\Debug/core.a(USBCore.cpp.o)
                0x000826b8                USBD_ClassInterfaceRequest(USBSetup&)
 .text._Z19USBD_SendInterfacesv
                0x000826d6       0x22 C:\Users\wwwli\AppData\Local\Temp\VMBuilds\round_1\arduino_due_x_dbg\Debug/core.a(USBCore.cpp.o)
                0x000826d6                USBD_SendInterfaces()
 .text._Z24USBD_SendOtherInterfacesv
                0x000826f8       0x22 C:\Users\wwwli\AppData\Local\Temp\VMBuilds\round_1\arduino_due_x_dbg\Debug/core.a(USBCore.cpp.o)
                0x000826f8                USBD_SendOtherInterfaces()
 .text._Z10USBD_Flushm
                0x0008271a       0x16 C:\Users\wwwli\AppData\Local\Temp\VMBuilds\round_1\arduino_due_x_dbg\Debug/core.a(USBCore.cpp.o)
                0x0008271a                USBD_Flush(unsigned long)
 .text._ZN10USBDevice_C2Ev
                0x00082730       0x24 C:\Users\wwwli\AppData\Local\Temp\VMBuilds\round_1\arduino_due_x_dbg\Debug/core.a(USBCore.cpp.o)
                0x00082730                USBDevice_::USBDevice_()
                0x00082730                USBDevice_::USBDevice_()
 .text._ZN10USBDevice_6attachEv
                0x00082754       0x20 C:\Users\wwwli\AppData\Local\Temp\VMBuilds\round_1\arduino_due_x_dbg\Debug/core.a(USBCore.cpp.o)
                0x00082754                USBDevice_::attach()
 .text.startup._GLOBAL__sub_I_EndPoints
                0x00082774        0xc C:\Users\wwwli\AppData\Local\Temp\VMBuilds\round_1\arduino_due_x_dbg\Debug/core.a(USBCore.cpp.o)
 .text._ZL7USB_ISRv
                0x00082780      0x454 C:\Users\wwwli\AppData\Local\Temp\VMBuilds\round_1\arduino_due_x_dbg\Debug/core.a(USBCore.cpp.o)
 .text.countPulseASM
                0x00082bd4       0x44 C:\Users\wwwli\AppData\Local\Temp\VMBuilds\round_1\arduino_due_x_dbg\Debug/core.a(wiring_pulse_asm.S.o)
                0x00082bd4                countPulseASM
 .text._ZN7Serial_9availableEv
                0x00082c18       0x18 C:\Users\wwwli\AppData\Local\Temp\VMBuilds\round_1\arduino_due_x_dbg\Debug/core.a(CDC.cpp.o)
                0x00082c18                Serial_::available()
 .text._ZN7Serial_17availableForWriteEv
                0x00082c30        0x6 C:\Users\wwwli\AppData\Local\Temp\VMBuilds\round_1\arduino_due_x_dbg\Debug/core.a(CDC.cpp.o)
                0x00082c30                Serial_::availableForWrite()
 *fill*         0x00082c36        0x2 
 .text._ZN7Serial_4peekEv
                0x00082c38       0x20 C:\Users\wwwli\AppData\Local\Temp\VMBuilds\round_1\arduino_due_x_dbg\Debug/core.a(CDC.cpp.o)
                0x00082c38                Serial_::peek()
 .text._ZN7Serial_5writeEh
                0x00082c58       0x16 C:\Users\wwwli\AppData\Local\Temp\VMBuilds\round_1\arduino_due_x_dbg\Debug/core.a(CDC.cpp.o)
                0x00082c58                Serial_::write(unsigned char)
 *fill*         0x00082c6e        0x2 
 .text._ZN7Serial_4readEv
                0x00082c70       0x44 C:\Users\wwwli\AppData\Local\Temp\VMBuilds\round_1\arduino_due_x_dbg\Debug/core.a(CDC.cpp.o)
                0x00082c70                Serial_::read()
 .text._ZN7Serial_5flushEv
                0x00082cb4        0x6 C:\Users\wwwli\AppData\Local\Temp\VMBuilds\round_1\arduino_due_x_dbg\Debug/core.a(CDC.cpp.o)
                0x00082cb4                Serial_::flush()
 *fill*         0x00082cba        0x2 
 .text._ZN7Serial_6acceptEv
                0x00082cbc       0x70 C:\Users\wwwli\AppData\Local\Temp\VMBuilds\round_1\arduino_due_x_dbg\Debug/core.a(CDC.cpp.o)
                0x00082cbc                Serial_::accept()
 .text._ZN7Serial_5writeEPKhj
                0x00082d2c       0x2c C:\Users\wwwli\AppData\Local\Temp\VMBuilds\round_1\arduino_due_x_dbg\Debug/core.a(CDC.cpp.o)
                0x00082d2c                Serial_::write(unsigned char const*, unsigned int)
 .text._Z16CDC_GetInterfacePh
                0x00082d58       0x14 C:\Users\wwwli\AppData\Local\Temp\VMBuilds\round_1\arduino_due_x_dbg\Debug/core.a(CDC.cpp.o)
                0x00082d58                CDC_GetInterface(unsigned char*)
 .text._Z21CDC_GetOtherInterfacePh
                0x00082d6c       0x14 C:\Users\wwwli\AppData\Local\Temp\VMBuilds\round_1\arduino_due_x_dbg\Debug/core.a(CDC.cpp.o)
                0x00082d6c                CDC_GetOtherInterface(unsigned char*)
 .text._Z9CDC_SetupR8USBSetup
                0x00082d80       0x78 C:\Users\wwwli\AppData\Local\Temp\VMBuilds\round_1\arduino_due_x_dbg\Debug/core.a(CDC.cpp.o)
                0x00082d80                CDC_Setup(USBSetup&)
 .text.startup._GLOBAL__sub_I_cdc_rx_buffer
                0x00082df8       0x1c C:\Users\wwwli\AppData\Local\Temp\VMBuilds\round_1\arduino_due_x_dbg\Debug/core.a(CDC.cpp.o)
 .text._ZN13PluggableUSB_12getInterfaceEPh
                0x00082e14       0x28 C:\Users\wwwli\AppData\Local\Temp\VMBuilds\round_1\arduino_due_x_dbg\Debug/core.a(PluggableUSB.cpp.o)
                0x00082e14                PluggableUSB_::getInterface(unsigned char*)
 .text._ZN13PluggableUSB_13getDescriptorER8USBSetup
                0x00082e3c       0x1c C:\Users\wwwli\AppData\Local\Temp\VMBuilds\round_1\arduino_due_x_dbg\Debug/core.a(PluggableUSB.cpp.o)
                0x00082e3c                PluggableUSB_::getDescriptor(USBSetup&)
 .text._ZN13PluggableUSB_12getShortNameEPc
                0x00082e58       0x1c C:\Users\wwwli\AppData\Local\Temp\VMBuilds\round_1\arduino_due_x_dbg\Debug/core.a(PluggableUSB.cpp.o)
                0x00082e58                PluggableUSB_::getShortName(char*)
 .text._ZN13PluggableUSB_5setupER8USBSetup
                0x00082e74       0x20 C:\Users\wwwli\AppData\Local\Temp\VMBuilds\round_1\arduino_due_x_dbg\Debug/core.a(PluggableUSB.cpp.o)
                0x00082e74                PluggableUSB_::setup(USBSetup&)
 .text._Z12PluggableUSBv
                0x00082e94       0x28 C:\Users\wwwli\AppData\Local\Temp\VMBuilds\round_1\arduino_due_x_dbg\Debug/core.a(PluggableUSB.cpp.o)
                0x00082e94                PluggableUSB()
 .text.TimeTick_Increment
                0x00082ebc       0x10 C:\Users\wwwli\AppData\Local\arduino15\packages\arduino\hardware\sam\1.6.11\variants\arduino_due_x/libsam_sam3x8e_gcc_rel.a(timetick.o)
                0x00082ebc                TimeTick_Increment
 .text.GetTickCount
                0x00082ecc        0xc C:\Users\wwwli\AppData\Local\arduino15\packages\arduino\hardware\sam\1.6.11\variants\arduino_due_x/libsam_sam3x8e_gcc_rel.a(timetick.o)
                0x00082ecc                GetTickCount
 .text.WDT_Disable
                0x00082ed8        0x8 C:\Users\wwwli\AppData\Local\arduino15\packages\arduino\hardware\sam\1.6.11\variants\arduino_due_x/libsam_sam3x8e_gcc_rel.a(wdt.o)
                0x00082ed8                WDT_Disable
 .text.UDD_SetStack
                0x00082ee0        0xc C:\Users\wwwli\AppData\Local\arduino15\packages\arduino\hardware\sam\1.6.11\variants\arduino_due_x/libsam_sam3x8e_gcc_rel.a(uotghs_device.o)
                0x00082ee0                UDD_SetStack
 .text.UDD_Init
                0x00082eec       0xd0 C:\Users\wwwli\AppData\Local\arduino15\packages\arduino\hardware\sam\1.6.11\variants\arduino_due_x/libsam_sam3x8e_gcc_rel.a(uotghs_device.o)
                0x00082eec                UDD_Init
 .text.UDD_Attach
                0x00082fbc       0x50 C:\Users\wwwli\AppData\Local\arduino15\packages\arduino\hardware\sam\1.6.11\variants\arduino_due_x/libsam_sam3x8e_gcc_rel.a(uotghs_device.o)
                0x00082fbc                UDD_Attach
 .text.UDD_InitEP
                0x0008300c       0x2c C:\Users\wwwli\AppData\Local\arduino15\packages\arduino\hardware\sam\1.6.11\variants\arduino_due_x/libsam_sam3x8e_gcc_rel.a(uotghs_device.o)
                0x0008300c                UDD_InitEP
 .text.UDD_InitEndpoints
                0x00083038       0x3c C:\Users\wwwli\AppData\Local\arduino15\packages\arduino\hardware\sam\1.6.11\variants\arduino_due_x/libsam_sam3x8e_gcc_rel.a(uotghs_device.o)
                0x00083038                UDD_InitEndpoints
 .text.UDD_WaitIN
                0x00083074       0x10 C:\Users\wwwli\AppData\Local\arduino15\packages\arduino\hardware\sam\1.6.11\variants\arduino_due_x/libsam_sam3x8e_gcc_rel.a(uotghs_device.o)
                0x00083074                UDD_WaitIN
 .text.UDD_WaitOUT
                0x00083084       0x10 C:\Users\wwwli\AppData\Local\arduino15\packages\arduino\hardware\sam\1.6.11\variants\arduino_due_x/libsam_sam3x8e_gcc_rel.a(uotghs_device.o)
                0x00083084                UDD_WaitOUT
 .text.UDD_ClearIN
                0x00083094       0x18 C:\Users\wwwli\AppData\Local\arduino15\packages\arduino\hardware\sam\1.6.11\variants\arduino_due_x/libsam_sam3x8e_gcc_rel.a(uotghs_device.o)
                0x00083094                UDD_ClearIN
 .text.UDD_ClearOUT
                0x000830ac       0x18 C:\Users\wwwli\AppData\Local\arduino15\packages\arduino\hardware\sam\1.6.11\variants\arduino_due_x/libsam_sam3x8e_gcc_rel.a(uotghs_device.o)
                0x000830ac                UDD_ClearOUT
 .text.UDD_ReceivedSetupInt
                0x000830c4       0x10 C:\Users\wwwli\AppData\Local\arduino15\packages\arduino\hardware\sam\1.6.11\variants\arduino_due_x/libsam_sam3x8e_gcc_rel.a(uotghs_device.o)
                0x000830c4                UDD_ReceivedSetupInt
 .text.UDD_ClearSetupInt
                0x000830d4       0x10 C:\Users\wwwli\AppData\Local\arduino15\packages\arduino\hardware\sam\1.6.11\variants\arduino_due_x/libsam_sam3x8e_gcc_rel.a(uotghs_device.o)
                0x000830d4                UDD_ClearSetupInt
 .text.UDD_Send
                0x000830e4       0x88 C:\Users\wwwli\AppData\Local\arduino15\packages\arduino\hardware\sam\1.6.11\variants\arduino_due_x/libsam_sam3x8e_gcc_rel.a(uotghs_device.o)
                0x000830e4                UDD_Send
 .text.UDD_Send8
                0x0008316c       0x24 C:\Users\wwwli\AppData\Local\arduino15\packages\arduino\hardware\sam\1.6.11\variants\arduino_due_x/libsam_sam3x8e_gcc_rel.a(uotghs_device.o)
                0x0008316c                UDD_Send8
 .text.UDD_Recv8
                0x00083190       0x28 C:\Users\wwwli\AppData\Local\arduino15\packages\arduino\hardware\sam\1.6.11\variants\arduino_due_x/libsam_sam3x8e_gcc_rel.a(uotghs_device.o)
                0x00083190                UDD_Recv8
 .text.UDD_Recv
                0x000831b8       0x34 C:\Users\wwwli\AppData\Local\arduino15\packages\arduino\hardware\sam\1.6.11\variants\arduino_due_x/libsam_sam3x8e_gcc_rel.a(uotghs_device.o)
                0x000831b8                UDD_Recv
 .text.UDD_Stall
                0x000831ec       0x14 C:\Users\wwwli\AppData\Local\arduino15\packages\arduino\hardware\sam\1.6.11\variants\arduino_due_x/libsam_sam3x8e_gcc_rel.a(uotghs_device.o)
                0x000831ec                UDD_Stall
 .text.UDD_FifoByteCount
                0x00083200       0x14 C:\Users\wwwli\AppData\Local\arduino15\packages\arduino\hardware\sam\1.6.11\variants\arduino_due_x/libsam_sam3x8e_gcc_rel.a(uotghs_device.o)
                0x00083200                UDD_FifoByteCount
 .text.UDD_ReleaseRX
                0x00083214       0x28 C:\Users\wwwli\AppData\Local\arduino15\packages\arduino\hardware\sam\1.6.11\variants\arduino_due_x/libsam_sam3x8e_gcc_rel.a(uotghs_device.o)
                0x00083214                UDD_ReleaseRX
 .text.UDD_ReleaseTX
                0x0008323c       0x28 C:\Users\wwwli\AppData\Local\arduino15\packages\arduino\hardware\sam\1.6.11\variants\arduino_due_x/libsam_sam3x8e_gcc_rel.a(uotghs_device.o)
                0x0008323c                UDD_ReleaseTX
 .text.UDD_SetAddress
                0x00083264       0x20 C:\Users\wwwli\AppData\Local\arduino15\packages\arduino\hardware\sam\1.6.11\variants\arduino_due_x/libsam_sam3x8e_gcc_rel.a(uotghs_device.o)
                0x00083264                UDD_SetAddress
 .text          0x00083284      0x370 c:/users/wwwli/appdata/local/arduino15/packages/arduino/tools/arm-none-eabi-gcc/4.8.3-2014q1/bin/../lib/gcc/arm-none-eabi/4.8.3/armv7-m\libgcc.a(_arm_addsubdf3.o)
                0x00083284                __aeabi_drsub
                0x0008328c                __aeabi_dsub
                0x0008328c                __subdf3
                0x00083290                __aeabi_dadd
                0x00083290                __adddf3
                0x00083508                __floatunsidf
                0x00083508                __aeabi_ui2d
                0x00083528                __floatsidf
                0x00083528                __aeabi_i2d
                0x0008354c                __aeabi_f2d
                0x0008354c                __extendsfdf2
                0x00083588                __floatundidf
                0x00083588                __aeabi_ul2d
                0x00083598                __floatdidf
                0x00083598                __aeabi_l2d
 .text          0x000835f4      0x424 c:/users/wwwli/appdata/local/arduino15/packages/arduino/tools/arm-none-eabi-gcc/4.8.3-2014q1/bin/../lib/gcc/arm-none-eabi/4.8.3/armv7-m\libgcc.a(_arm_muldivdf3.o)
                0x000835f4                __aeabi_dmul
                0x000835f4                __muldf3
                0x00083848                __divdf3
                0x00083848                __aeabi_ddiv
 .text          0x00083a18       0x40 c:/users/wwwli/appdata/local/arduino15/packages/arduino/tools/arm-none-eabi-gcc/4.8.3-2014q1/bin/../lib/gcc/arm-none-eabi/4.8.3/armv7-m\libgcc.a(_arm_fixunsdfsi.o)
                0x00083a18                __aeabi_d2uiz
                0x00083a18                __fixunsdfsi
 .text.__libc_init_array
                0x00083a58       0x50 c:/users/wwwli/appdata/local/arduino15/packages/arduino/tools/arm-none-eabi-gcc/4.8.3-2014q1/bin/../lib/gcc/arm-none-eabi/4.8.3/../../../../arm-none-eabi/lib/armv7-m\libg.a(lib_a-init.o)
                0x00083a58                __libc_init_array
 .text.iprintf  0x00083aa8       0x28 c:/users/wwwli/appdata/local/arduino15/packages/arduino/tools/arm-none-eabi-gcc/4.8.3-2014q1/bin/../lib/gcc/arm-none-eabi/4.8.3/../../../../arm-none-eabi/lib/armv7-m\libg.a(lib_a-iprintf.o)
                0x00083aa8                iprintf
 .text.memset   0x00083ad0       0x94 c:/users/wwwli/appdata/local/arduino15/packages/arduino/tools/arm-none-eabi-gcc/4.8.3-2014q1/bin/../lib/gcc/arm-none-eabi/4.8.3/../../../../arm-none-eabi/lib/armv7-m\libg.a(lib_a-memset.o)
                0x00083ad0                memset
 .text.strlen   0x00083b64       0x60 c:/users/wwwli/appdata/local/arduino15/packages/arduino/tools/arm-none-eabi-gcc/4.8.3-2014q1/bin/../lib/gcc/arm-none-eabi/4.8.3/../../../../arm-none-eabi/lib/armv7-m\libg.a(lib_a-strlen.o)
                0x00083b64                strlen
 .text.kill     0x00083bc4       0x10 c:/users/wwwli/appdata/local/arduino15/packages/arduino/tools/arm-none-eabi-gcc/4.8.3-2014q1/bin/../lib/gcc/arm-none-eabi/4.8.3/../../../../arm-none-eabi/lib/armv7-m\libg.a(lib_a-syskill.o)
                0x00083bc4                kill
 .text.__sprint_r.part.0
                0x00083bd4       0x78 c:/users/wwwli/appdata/local/arduino15/packages/arduino/tools/arm-none-eabi-gcc/4.8.3-2014q1/bin/../lib/gcc/arm-none-eabi/4.8.3/../../../../arm-none-eabi/lib/armv7-m\libg.a(lib_a-vfiprintf.o)
 .text._vfiprintf_r
                0x00083c4c      0xc54 c:/users/wwwli/appdata/local/arduino15/packages/arduino/tools/arm-none-eabi-gcc/4.8.3-2014q1/bin/../lib/gcc/arm-none-eabi/4.8.3/../../../../arm-none-eabi/lib/armv7-m\libg.a(lib_a-vfiprintf.o)
                0x00083c4c                _vfiprintf_r
 .text.__sbprintf
                0x000848a0       0x7c c:/users/wwwli/appdata/local/arduino15/packages/arduino/tools/arm-none-eabi-gcc/4.8.3-2014q1/bin/../lib/gcc/arm-none-eabi/4.8.3/../../../../arm-none-eabi/lib/armv7-m\libg.a(lib_a-vfiprintf.o)
 .text.__swsetup_r
                0x0008491c       0xc4 c:/users/wwwli/appdata/local/arduino15/packages/arduino/tools/arm-none-eabi-gcc/4.8.3-2014q1/bin/../lib/gcc/arm-none-eabi/4.8.3/../../../../arm-none-eabi/lib/armv7-m\libg.a(lib_a-wsetup.o)
                0x0008491c                __swsetup_r
 .text.startup.register_fini
                0x000849e0       0x14 c:/users/wwwli/appdata/local/arduino15/packages/arduino/tools/arm-none-eabi-gcc/4.8.3-2014q1/bin/../lib/gcc/arm-none-eabi/4.8.3/../../../../arm-none-eabi/lib/armv7-m\libg.a(lib_a-__call_atexit.o)
 .text.atexit   0x000849f4        0xc c:/users/wwwli/appdata/local/arduino15/packages/arduino/tools/arm-none-eabi-gcc/4.8.3-2014q1/bin/../lib/gcc/arm-none-eabi/4.8.3/../../../../arm-none-eabi/lib/armv7-m\libg.a(lib_a-atexit.o)
                0x000849f4                atexit
 .text.__sflush_r
                0x00084a00      0x148 c:/users/wwwli/appdata/local/arduino15/packages/arduino/tools/arm-none-eabi-gcc/4.8.3-2014q1/bin/../lib/gcc/arm-none-eabi/4.8.3/../../../../arm-none-eabi/lib/armv7-m\libg.a(lib_a-fflush.o)
                0x00084a00                __sflush_r
 .text._fflush_r
                0x00084b48       0x2c c:/users/wwwli/appdata/local/arduino15/packages/arduino/tools/arm-none-eabi-gcc/4.8.3-2014q1/bin/../lib/gcc/arm-none-eabi/4.8.3/../../../../arm-none-eabi/lib/armv7-m\libg.a(lib_a-fflush.o)
                0x00084b48                _fflush_r
 .text._cleanup_r
                0x00084b74        0xc c:/users/wwwli/appdata/local/arduino15/packages/arduino/tools/arm-none-eabi-gcc/4.8.3-2014q1/bin/../lib/gcc/arm-none-eabi/4.8.3/../../../../arm-none-eabi/lib/armv7-m\libg.a(lib_a-findfp.o)
                0x00084b74                _cleanup_r
 .text.__sinit  0x00084b80       0xf4 c:/users/wwwli/appdata/local/arduino15/packages/arduino/tools/arm-none-eabi-gcc/4.8.3-2014q1/bin/../lib/gcc/arm-none-eabi/4.8.3/../../../../arm-none-eabi/lib/armv7-m\libg.a(lib_a-findfp.o)
                0x00084b80                __sinit
 .text.__sfp_lock_acquire
                0x00084c74        0x4 c:/users/wwwli/appdata/local/arduino15/packages/arduino/tools/arm-none-eabi-gcc/4.8.3-2014q1/bin/../lib/gcc/arm-none-eabi/4.8.3/../../../../arm-none-eabi/lib/armv7-m\libg.a(lib_a-findfp.o)
                0x00084c74                __sfp_lock_acquire
 .text.__sfp_lock_release
                0x00084c78        0x4 c:/users/wwwli/appdata/local/arduino15/packages/arduino/tools/arm-none-eabi-gcc/4.8.3-2014q1/bin/../lib/gcc/arm-none-eabi/4.8.3/../../../../arm-none-eabi/lib/armv7-m\libg.a(lib_a-findfp.o)
                0x00084c78                __sfp_lock_release
 .text.__libc_fini_array
                0x00084c7c       0x30 c:/users/wwwli/appdata/local/arduino15/packages/arduino/tools/arm-none-eabi-gcc/4.8.3-2014q1/bin/../lib/gcc/arm-none-eabi/4.8.3/../../../../arm-none-eabi/lib/armv7-m\libg.a(lib_a-fini.o)
                0x00084c7c                __libc_fini_array
 .text._fputwc_r
                0x00084cac       0xc0 c:/users/wwwli/appdata/local/arduino15/packages/arduino/tools/arm-none-eabi-gcc/4.8.3-2014q1/bin/../lib/gcc/arm-none-eabi/4.8.3/../../../../arm-none-eabi/lib/armv7-m\libg.a(lib_a-fputwc.o)
                0x00084cac                _fputwc_r
 .text._malloc_trim_r
                0x00084d6c       0x9c c:/users/wwwli/appdata/local/arduino15/packages/arduino/tools/arm-none-eabi-gcc/4.8.3-2014q1/bin/../lib/gcc/arm-none-eabi/4.8.3/../../../../arm-none-eabi/lib/armv7-m\libg.a(lib_a-freer.o)
                0x00084d6c                _malloc_trim_r
 .text._free_r  0x00084e08      0x198 c:/users/wwwli/appdata/local/arduino15/packages/arduino/tools/arm-none-eabi-gcc/4.8.3-2014q1/bin/../lib/gcc/arm-none-eabi/4.8.3/../../../../arm-none-eabi/lib/armv7-m\libg.a(lib_a-freer.o)
                0x00084e08                _free_r
 .text.__sfvwrite_r
                0x00084fa0      0x314 c:/users/wwwli/appdata/local/arduino15/packages/arduino/tools/arm-none-eabi-gcc/4.8.3-2014q1/bin/../lib/gcc/arm-none-eabi/4.8.3/../../../../arm-none-eabi/lib/armv7-m\libg.a(lib_a-fvwrite.o)
                0x00084fa0                __sfvwrite_r
 .text._fwalk   0x000852b4       0x48 c:/users/wwwli/appdata/local/arduino15/packages/arduino/tools/arm-none-eabi-gcc/4.8.3-2014q1/bin/../lib/gcc/arm-none-eabi/4.8.3/../../../../arm-none-eabi/lib/armv7-m\libg.a(lib_a-fwalk.o)
                0x000852b4                _fwalk
 .text.__locale_charset
                0x000852fc        0x8 c:/users/wwwli/appdata/local/arduino15/packages/arduino/tools/arm-none-eabi-gcc/4.8.3-2014q1/bin/../lib/gcc/arm-none-eabi/4.8.3/../../../../arm-none-eabi/lib/armv7-m\libg.a(lib_a-locale.o)
                0x000852fc                __locale_charset
 .text.__locale_mb_cur_max
                0x00085304        0xc c:/users/wwwli/appdata/local/arduino15/packages/arduino/tools/arm-none-eabi-gcc/4.8.3-2014q1/bin/../lib/gcc/arm-none-eabi/4.8.3/../../../../arm-none-eabi/lib/armv7-m\libg.a(lib_a-locale.o)
                0x00085304                __locale_mb_cur_max
 .text.__smakebuf_r
                0x00085310       0xe0 c:/users/wwwli/appdata/local/arduino15/packages/arduino/tools/arm-none-eabi-gcc/4.8.3-2014q1/bin/../lib/gcc/arm-none-eabi/4.8.3/../../../../arm-none-eabi/lib/armv7-m\libg.a(lib_a-makebuf.o)
                0x00085310                __smakebuf_r
 .text._malloc_r
                0x000853f0      0x538 c:/users/wwwli/appdata/local/arduino15/packages/arduino/tools/arm-none-eabi-gcc/4.8.3-2014q1/bin/../lib/gcc/arm-none-eabi/4.8.3/../../../../arm-none-eabi/lib/armv7-m\libg.a(lib_a-mallocr.o)
                0x000853f0                _malloc_r
 .text.memchr   0x00085928       0x94 c:/users/wwwli/appdata/local/arduino15/packages/arduino/tools/arm-none-eabi-gcc/4.8.3-2014q1/bin/../lib/gcc/arm-none-eabi/4.8.3/../../../../arm-none-eabi/lib/armv7-m\libg.a(lib_a-memchr-stub.o)
                0x00085928                memchr
 .text          0x000859bc       0xec c:/users/wwwli/appdata/local/arduino15/packages/arduino/tools/arm-none-eabi-gcc/4.8.3-2014q1/bin/../lib/gcc/arm-none-eabi/4.8.3/../../../../arm-none-eabi/lib/armv7-m\libg.a(lib_a-memcpy.o)
                0x000859bc                memcpy
 .text.memmove  0x00085aa8       0xcc c:/users/wwwli/appdata/local/arduino15/packages/arduino/tools/arm-none-eabi-gcc/4.8.3-2014q1/bin/../lib/gcc/arm-none-eabi/4.8.3/../../../../arm-none-eabi/lib/armv7-m\libg.a(lib_a-memmove.o)
                0x00085aa8                memmove
 .text.__malloc_lock
                0x00085b74        0x4 c:/users/wwwli/appdata/local/arduino15/packages/arduino/tools/arm-none-eabi-gcc/4.8.3-2014q1/bin/../lib/gcc/arm-none-eabi/4.8.3/../../../../arm-none-eabi/lib/armv7-m\libg.a(lib_a-mlock.o)
                0x00085b74                __malloc_lock
 .text.__malloc_unlock
                0x00085b78        0x4 c:/users/wwwli/appdata/local/arduino15/packages/arduino/tools/arm-none-eabi-gcc/4.8.3-2014q1/bin/../lib/gcc/arm-none-eabi/4.8.3/../../../../arm-none-eabi/lib/armv7-m\libg.a(lib_a-mlock.o)
                0x00085b78                __malloc_unlock
 .text._realloc_r
                0x00085b7c      0x3c0 c:/users/wwwli/appdata/local/arduino15/packages/arduino/tools/arm-none-eabi-gcc/4.8.3-2014q1/bin/../lib/gcc/arm-none-eabi/4.8.3/../../../../arm-none-eabi/lib/armv7-m\libg.a(lib_a-reallocr.o)
                0x00085b7c                _realloc_r
 .text._sbrk_r  0x00085f3c       0x24 c:/users/wwwli/appdata/local/arduino15/packages/arduino/tools/arm-none-eabi-gcc/4.8.3-2014q1/bin/../lib/gcc/arm-none-eabi/4.8.3/../../../../arm-none-eabi/lib/armv7-m\libg.a(lib_a-sbrkr.o)
                0x00085f3c                _sbrk_r
 .text._kill_r  0x00085f60       0x28 c:/users/wwwli/appdata/local/arduino15/packages/arduino/tools/arm-none-eabi-gcc/4.8.3-2014q1/bin/../lib/gcc/arm-none-eabi/4.8.3/../../../../arm-none-eabi/lib/armv7-m\libg.a(lib_a-signalr.o)
                0x00085f60                _kill_r
 .text.__sread  0x00085f88       0x24 c:/users/wwwli/appdata/local/arduino15/packages/arduino/tools/arm-none-eabi-gcc/4.8.3-2014q1/bin/../lib/gcc/arm-none-eabi/4.8.3/../../../../arm-none-eabi/lib/armv7-m\libg.a(lib_a-stdio.o)
                0x00085f88                __sread
 .text.__swrite
                0x00085fac       0x38 c:/users/wwwli/appdata/local/arduino15/packages/arduino/tools/arm-none-eabi-gcc/4.8.3-2014q1/bin/../lib/gcc/arm-none-eabi/4.8.3/../../../../arm-none-eabi/lib/armv7-m\libg.a(lib_a-stdio.o)
                0x00085fac                __swrite
 .text.__sseek  0x00085fe4       0x20 c:/users/wwwli/appdata/local/arduino15/packages/arduino/tools/arm-none-eabi-gcc/4.8.3-2014q1/bin/../lib/gcc/arm-none-eabi/4.8.3/../../../../arm-none-eabi/lib/armv7-m\libg.a(lib_a-stdio.o)
                0x00085fe4                __sseek
 .text.__sclose
                0x00086004        0x8 c:/users/wwwli/appdata/local/arduino15/packages/arduino/tools/arm-none-eabi-gcc/4.8.3-2014q1/bin/../lib/gcc/arm-none-eabi/4.8.3/../../../../arm-none-eabi/lib/armv7-m\libg.a(lib_a-stdio.o)
                0x00086004                __sclose
 .text.__swbuf_r
                0x0008600c       0xa8 c:/users/wwwli/appdata/local/arduino15/packages/arduino/tools/arm-none-eabi-gcc/4.8.3-2014q1/bin/../lib/gcc/arm-none-eabi/4.8.3/../../../../arm-none-eabi/lib/armv7-m\libg.a(lib_a-wbuf.o)
                0x0008600c                __swbuf_r
 .text._wcrtomb_r
                0x000860b4       0x50 c:/users/wwwli/appdata/local/arduino15/packages/arduino/tools/arm-none-eabi-gcc/4.8.3-2014q1/bin/../lib/gcc/arm-none-eabi/4.8.3/../../../../arm-none-eabi/lib/armv7-m\libg.a(lib_a-wcrtomb.o)
                0x000860b4                _wcrtomb_r
 .text.__ascii_wctomb
                0x00086104       0x1c c:/users/wwwli/appdata/local/arduino15/packages/arduino/tools/arm-none-eabi-gcc/4.8.3-2014q1/bin/../lib/gcc/arm-none-eabi/4.8.3/../../../../arm-none-eabi/lib/armv7-m\libg.a(lib_a-wctomb_r.o)
                0x00086104                __ascii_wctomb
 .text._write_r
                0x00086120       0x28 c:/users/wwwli/appdata/local/arduino15/packages/arduino/tools/arm-none-eabi-gcc/4.8.3-2014q1/bin/../lib/gcc/arm-none-eabi/4.8.3/../../../../arm-none-eabi/lib/armv7-m\libg.a(lib_a-writer.o)
                0x00086120                _write_r
 .text.__register_exitproc
                0x00086148       0xa8 c:/users/wwwli/appdata/local/arduino15/packages/arduino/tools/arm-none-eabi-gcc/4.8.3-2014q1/bin/../lib/gcc/arm-none-eabi/4.8.3/../../../../arm-none-eabi/lib/armv7-m\libg.a(lib_a-__atexit.o)
                0x00086148                __register_exitproc
 .text._close_r
                0x000861f0       0x24 c:/users/wwwli/appdata/local/arduino15/packages/arduino/tools/arm-none-eabi-gcc/4.8.3-2014q1/bin/../lib/gcc/arm-none-eabi/4.8.3/../../../../arm-none-eabi/lib/armv7-m\libg.a(lib_a-closer.o)
                0x000861f0                _close_r
 .text._fclose_r
                0x00086214       0x80 c:/users/wwwli/appdata/local/arduino15/packages/arduino/tools/arm-none-eabi-gcc/4.8.3-2014q1/bin/../lib/gcc/arm-none-eabi/4.8.3/../../../../arm-none-eabi/lib/armv7-m\libg.a(lib_a-fclose.o)
                0x00086214                _fclose_r
 .text.fclose   0x00086294       0x10 c:/users/wwwli/appdata/local/arduino15/packages/arduino/tools/arm-none-eabi-gcc/4.8.3-2014q1/bin/../lib/gcc/arm-none-eabi/4.8.3/../../../../arm-none-eabi/lib/armv7-m\libg.a(lib_a-fclose.o)
                0x00086294                fclose
 .text._fstat_r
                0x000862a4       0x28 c:/users/wwwli/appdata/local/arduino15/packages/arduino/tools/arm-none-eabi-gcc/4.8.3-2014q1/bin/../lib/gcc/arm-none-eabi/4.8.3/../../../../arm-none-eabi/lib/armv7-m\libg.a(lib_a-fstatr.o)
                0x000862a4                _fstat_r
 .text._isatty_r
                0x000862cc       0x24 c:/users/wwwli/appdata/local/arduino15/packages/arduino/tools/arm-none-eabi-gcc/4.8.3-2014q1/bin/../lib/gcc/arm-none-eabi/4.8.3/../../../../arm-none-eabi/lib/armv7-m\libg.a(lib_a-isattyr.o)
                0x000862cc                _isatty_r
 .text._lseek_r
                0x000862f0       0x28 c:/users/wwwli/appdata/local/arduino15/packages/arduino/tools/arm-none-eabi-gcc/4.8.3-2014q1/bin/../lib/gcc/arm-none-eabi/4.8.3/../../../../arm-none-eabi/lib/armv7-m\libg.a(lib_a-lseekr.o)
                0x000862f0                _lseek_r
 .text._read_r  0x00086318       0x28 c:/users/wwwli/appdata/local/arduino15/packages/arduino/tools/arm-none-eabi-gcc/4.8.3-2014q1/bin/../lib/gcc/arm-none-eabi/4.8.3/../../../../arm-none-eabi/lib/armv7-m\libg.a(lib_a-readr.o)
                0x00086318                _read_r
 .text          0x00086340       0x2c c:/users/wwwli/appdata/local/arduino15/packages/arduino/tools/arm-none-eabi-gcc/4.8.3-2014q1/bin/../lib/gcc/arm-none-eabi/4.8.3/armv7-m\libgcc.a(_aeabi_uldivmod.o)
                0x00086340                __aeabi_uldivmod
 .text          0x0008636c       0x60 c:/users/wwwli/appdata/local/arduino15/packages/arduino/tools/arm-none-eabi-gcc/4.8.3-2014q1/bin/../lib/gcc/arm-none-eabi/4.8.3/armv7-m\libgcc.a(bpabi.o)
                0x0008636c                __gnu_ldivmod_helper
                0x0008639c                __gnu_uldivmod_helper
 .text          0x000863cc        0x4 c:/users/wwwli/appdata/local/arduino15/packages/arduino/tools/arm-none-eabi-gcc/4.8.3-2014q1/bin/../lib/gcc/arm-none-eabi/4.8.3/armv7-m\libgcc.a(_dvmd_tls.o)
                0x000863cc                __aeabi_idiv0
                0x000863cc                __aeabi_ldiv0
 .text          0x000863d0      0x2a0 c:/users/wwwli/appdata/local/arduino15/packages/arduino/tools/arm-none-eabi-gcc/4.8.3-2014q1/bin/../lib/gcc/arm-none-eabi/4.8.3/armv7-m\libgcc.a(_divdi3.o)
                0x000863d0                __divdi3
 .text          0x00086670      0x290 c:/users/wwwli/appdata/local/arduino15/packages/arduino/tools/arm-none-eabi-gcc/4.8.3-2014q1/bin/../lib/gcc/arm-none-eabi/4.8.3/armv7-m\libgcc.a(_udivdi3.o)
                0x00086670                __udivdi3
 *(.glue_7t)
 .glue_7t       0x00000000        0x0 linker stubs
 *(.glue_7)
 .glue_7        0x00000000        0x0 linker stubs
 *(.rodata .rodata* .gnu.linkonce.r.*)
 .rodata.str1.1
                0x00086900       0x58 C:\Users\wwwli\AppData\Local\Temp\VMBuilds\round_1\arduino_due_x_dbg\Debug\round_1.cpp.o
                                 0x74 (size before relaxing)
 .rodata._ZL12can_bit_time
                0x00086958       0x6c C:\Users\wwwli\AppData\Local\Temp\VMBuilds\round_1\arduino_due_x_dbg\Debug\due_can\due_can.cpp.o
 .rodata.CSWTCH.102
                0x000869c4        0x8 C:\Users\wwwli\AppData\Local\Temp\VMBuilds\round_1\arduino_due_x_dbg\Debug\due_can\due_can.cpp.o
 .rodata.g_APinDescription
                0x000869cc      0xa2c C:\Users\wwwli\AppData\Local\Temp\VMBuilds\round_1\arduino_due_x_dbg\Debug\variant\variant.cpp.o
                0x000869cc                g_APinDescription
 .rodata        0x000873f8       0x40 C:\Users\wwwli\AppData\Local\arduino15\packages\arduino\hardware\sam\1.6.11\variants\arduino_due_x/libsam_sam3x8e_gcc_rel.a(adc.o)
 .rodata.str1.1
                0x00087438       0x19 C:\Users\wwwli\AppData\Local\Temp\VMBuilds\round_1\arduino_due_x_dbg\Debug/core.a(syscalls_sam3.c.o)
 .rodata.str1.1
                0x00087451        0xf C:\Users\wwwli\AppData\Local\Temp\VMBuilds\round_1\arduino_due_x_dbg\Debug/core.a(Print.cpp.o)
 .rodata._ZTV9UARTClass
                0x00087460       0x30 C:\Users\wwwli\AppData\Local\Temp\VMBuilds\round_1\arduino_due_x_dbg\Debug/core.a(UARTClass.cpp.o)
                0x00087460                vtable for UARTClass
 .rodata._ZTV10USARTClass
                0x00087490       0x30 C:\Users\wwwli\AppData\Local\Temp\VMBuilds\round_1\arduino_due_x_dbg\Debug/core.a(USARTClass.cpp.o)
                0x00087490                vtable for USARTClass
 .rodata.STRING_PRODUCT
                0x000874c0        0xc C:\Users\wwwli\AppData\Local\Temp\VMBuilds\round_1\arduino_due_x_dbg\Debug/core.a(USBCore.cpp.o)
                0x000874c0                STRING_PRODUCT
 .rodata.USB_DeviceDescriptor
                0x000874cc       0x12 C:\Users\wwwli\AppData\Local\Temp\VMBuilds\round_1\arduino_due_x_dbg\Debug/core.a(USBCore.cpp.o)
                0x000874cc                USB_DeviceDescriptor
 .rodata.STRING_LANGUAGE
                0x000874de        0x4 C:\Users\wwwli\AppData\Local\Temp\VMBuilds\round_1\arduino_due_x_dbg\Debug/core.a(USBCore.cpp.o)
                0x000874de                STRING_LANGUAGE
 .rodata._ZL18test_packet_buffer
                0x000874e2       0x35 C:\Users\wwwli\AppData\Local\Temp\VMBuilds\round_1\arduino_due_x_dbg\Debug/core.a(USBCore.cpp.o)
 .rodata.STRING_MANUFACTURER
                0x00087517        0xc C:\Users\wwwli\AppData\Local\Temp\VMBuilds\round_1\arduino_due_x_dbg\Debug/core.a(USBCore.cpp.o)
                0x00087517                STRING_MANUFACTURER
 .rodata.USB_DeviceDescriptorA
                0x00087523       0x12 C:\Users\wwwli\AppData\Local\Temp\VMBuilds\round_1\arduino_due_x_dbg\Debug/core.a(USBCore.cpp.o)
                0x00087523                USB_DeviceDescriptorA
 .rodata._ZL19USB_DeviceQualifier
                0x00087535        0x9 C:\Users\wwwli\AppData\Local\Temp\VMBuilds\round_1\arduino_due_x_dbg\Debug/core.a(USBCore.cpp.o)
 *fill*         0x0008753e        0x2 
 .rodata._ZTV7Serial_
                0x00087540       0x28 C:\Users\wwwli\AppData\Local\Temp\VMBuilds\round_1\arduino_due_x_dbg\Debug/core.a(CDC.cpp.o)
                0x00087540                vtable for Serial_
 .rodata._ZL18_cdcOtherInterface
                0x00087568       0x42 C:\Users\wwwli\AppData\Local\Temp\VMBuilds\round_1\arduino_due_x_dbg\Debug/core.a(CDC.cpp.o)
 .rodata._ZL13_cdcInterface
                0x000875aa       0x42 C:\Users\wwwli\AppData\Local\Temp\VMBuilds\round_1\arduino_due_x_dbg\Debug/core.a(CDC.cpp.o)
 .rodata.str1.4
                0x000875ec        0x2 c:/users/wwwli/appdata/local/arduino15/packages/arduino/tools/arm-none-eabi-gcc/4.8.3-2014q1/bin/../lib/gcc/arm-none-eabi/4.8.3/../../../../arm-none-eabi/lib/armv7-m\libg.a(lib_a-impure.o)
                                  0x4 (size before relaxing)
 *fill*         0x000875ee        0x2 
 .rodata._global_impure_ptr
                0x000875f0        0x4 c:/users/wwwli/appdata/local/arduino15/packages/arduino/tools/arm-none-eabi-gcc/4.8.3-2014q1/bin/../lib/gcc/arm-none-eabi/4.8.3/../../../../arm-none-eabi/lib/armv7-m\libg.a(lib_a-impure.o)
                0x000875f0                _global_impure_ptr
 .rodata.blanks.6717
                0x000875f4       0x10 c:/users/wwwli/appdata/local/arduino15/packages/arduino/tools/arm-none-eabi-gcc/4.8.3-2014q1/bin/../lib/gcc/arm-none-eabi/4.8.3/../../../../arm-none-eabi/lib/armv7-m\libg.a(lib_a-vfiprintf.o)
 .rodata.str1.4
                0x00087604       0x30 c:/users/wwwli/appdata/local/arduino15/packages/arduino/tools/arm-none-eabi-gcc/4.8.3-2014q1/bin/../lib/gcc/arm-none-eabi/4.8.3/../../../../arm-none-eabi/lib/armv7-m\libg.a(lib_a-vfiprintf.o)
 .rodata.zeroes.6718
                0x00087634       0x10 c:/users/wwwli/appdata/local/arduino15/packages/arduino/tools/arm-none-eabi-gcc/4.8.3-2014q1/bin/../lib/gcc/arm-none-eabi/4.8.3/../../../../arm-none-eabi/lib/armv7-m\libg.a(lib_a-vfiprintf.o)
 *(.ARM.extab* .gnu.linkonce.armextab.*)
                0x00087644                . = ALIGN (0x4)
 *(.init)
 .init          0x00087644        0x4 c:/users/wwwli/appdata/local/arduino15/packages/arduino/tools/arm-none-eabi-gcc/4.8.3-2014q1/bin/../lib/gcc/arm-none-eabi/4.8.3/armv7-m/crti.o
                0x00087644                _init
 .init          0x00087648        0x8 c:/users/wwwli/appdata/local/arduino15/packages/arduino/tools/arm-none-eabi-gcc/4.8.3-2014q1/bin/../lib/gcc/arm-none-eabi/4.8.3/armv7-m/crtn.o
                0x00087650                . = ALIGN (0x4)
                0x00087650                __preinit_array_start = .
 *(.preinit_array)
                0x00087650                __preinit_array_end = .
                0x00087650                . = ALIGN (0x4)
                0x00087650                __init_array_start = .
 *(SORT(.init_array.*))
 .init_array.00000
                0x00087650        0x4 c:/users/wwwli/appdata/local/arduino15/packages/arduino/tools/arm-none-eabi-gcc/4.8.3-2014q1/bin/../lib/gcc/arm-none-eabi/4.8.3/../../../../arm-none-eabi/lib/armv7-m\libg.a(lib_a-__call_atexit.o)
 *(.init_array)
 .init_array    0x00087654        0x4 c:/users/wwwli/appdata/local/arduino15/packages/arduino/tools/arm-none-eabi-gcc/4.8.3-2014q1/bin/../lib/gcc/arm-none-eabi/4.8.3/armv7-m/crtbegin.o
 .init_array    0x00087658        0x4 C:\Users\wwwli\AppData\Local\Temp\VMBuilds\round_1\arduino_due_x_dbg\Debug\round_1.cpp.o
 .init_array    0x0008765c        0x4 C:\Users\wwwli\AppData\Local\Temp\VMBuilds\round_1\arduino_due_x_dbg\Debug\due_can\due_can.cpp.o
 .init_array    0x00087660        0x4 C:\Users\wwwli\AppData\Local\Temp\VMBuilds\round_1\arduino_due_x_dbg\Debug\variant\variant.cpp.o
 .init_array    0x00087664        0x4 C:\Users\wwwli\AppData\Local\Temp\VMBuilds\round_1\arduino_due_x_dbg\Debug/core.a(USBCore.cpp.o)
 .init_array    0x00087668        0x4 C:\Users\wwwli\AppData\Local\Temp\VMBuilds\round_1\arduino_due_x_dbg\Debug/core.a(CDC.cpp.o)
                0x0008766c                __init_array_end = .
                0x0008766c                . = ALIGN (0x4)
 *crtbegin.o(.ctors)
 *(EXCLUDE_FILE(*crtend.o) .ctors)
 *(SORT(.ctors.*))
 *crtend.o(.ctors)
                0x0008766c                . = ALIGN (0x4)
 *(.fini)
 .fini          0x0008766c        0x4 c:/users/wwwli/appdata/local/arduino15/packages/arduino/tools/arm-none-eabi-gcc/4.8.3-2014q1/bin/../lib/gcc/arm-none-eabi/4.8.3/armv7-m/crti.o
                0x0008766c                _fini
 .fini          0x00087670        0x8 c:/users/wwwli/appdata/local/arduino15/packages/arduino/tools/arm-none-eabi-gcc/4.8.3-2014q1/bin/../lib/gcc/arm-none-eabi/4.8.3/armv7-m/crtn.o
                0x00087678                . = ALIGN (0x4)
                0x00087678                __fini_array_start = .
 *(.fini_array)
 .fini_array    0x00087678        0x4 c:/users/wwwli/appdata/local/arduino15/packages/arduino/tools/arm-none-eabi-gcc/4.8.3-2014q1/bin/../lib/gcc/arm-none-eabi/4.8.3/armv7-m/crtbegin.o
 *(SORT(.fini_array.*))
                0x0008767c                __fini_array_end = .
 *crtbegin.o(.dtors)
 *(EXCLUDE_FILE(*crtend.o) .dtors)
 *(SORT(.dtors.*))
 *crtend.o(.dtors)
                0x0008767c                . = ALIGN (0x4)
                0x0008767c                _efixed = .
                0x0008767c                PROVIDE (__exidx_start, .)

.vfp11_veneer   0x0008767c        0x0
 .vfp11_veneer  0x00000000        0x0 linker stubs

.v4_bx          0x0008767c        0x0
 .v4_bx         0x00000000        0x0 linker stubs

.iplt           0x0008767c        0x0
 .iplt          0x00000000        0x0 c:/users/wwwli/appdata/local/arduino15/packages/arduino/tools/arm-none-eabi-gcc/4.8.3-2014q1/bin/../lib/gcc/arm-none-eabi/4.8.3/armv7-m/crtbegin.o

.ARM.exidx      0x0008767c        0x8
 *(.ARM.exidx* .gnu.linkonce.armexidx.*)
 .ARM.exidx     0x0008767c        0x8 c:/users/wwwli/appdata/local/arduino15/packages/arduino/tools/arm-none-eabi-gcc/4.8.3-2014q1/bin/../lib/gcc/arm-none-eabi/4.8.3/armv7-m\libgcc.a(_divdi3.o)
 .ARM.exidx     0x00087684        0x0 c:/users/wwwli/appdata/local/arduino15/packages/arduino/tools/arm-none-eabi-gcc/4.8.3-2014q1/bin/../lib/gcc/arm-none-eabi/4.8.3/armv7-m\libgcc.a(_udivdi3.o)
                                  0x8 (size before relaxing)
                0x00087684                PROVIDE (__exidx_end, .)

.eh_frame       0x00087684        0x0
 .eh_frame      0x00087684        0x0 c:/users/wwwli/appdata/local/arduino15/packages/arduino/tools/arm-none-eabi-gcc/4.8.3-2014q1/bin/../lib/gcc/arm-none-eabi/4.8.3/armv7-m/crtbegin.o

.rel.dyn        0x00087684        0x0
 .rel.iplt      0x00000000        0x0 c:/users/wwwli/appdata/local/arduino15/packages/arduino/tools/arm-none-eabi-gcc/4.8.3-2014q1/bin/../lib/gcc/arm-none-eabi/4.8.3/armv7-m/crtbegin.o

.jcr            0x00087684        0x0
 .jcr           0x00087684        0x0 c:/users/wwwli/appdata/local/arduino15/packages/arduino/tools/arm-none-eabi-gcc/4.8.3-2014q1/bin/../lib/gcc/arm-none-eabi/4.8.3/armv7-m/crtbegin.o

.igot.plt       0x00087684        0x0
 .igot.plt      0x00000000        0x0 c:/users/wwwli/appdata/local/arduino15/packages/arduino/tools/arm-none-eabi-gcc/4.8.3-2014q1/bin/../lib/gcc/arm-none-eabi/4.8.3/armv7-m/crtbegin.o
                0x00087684                . = ALIGN (0x4)
                0x00087684                _etext = .

.relocate       0x20070000      0x904 load address 0x00087684
                0x20070000                . = ALIGN (0x4)
                0x20070000                _srelocate = .
 *(.ramfunc .ramfunc.*)
 .ramfunc       0x20070000       0x2c C:\Users\wwwli\AppData\Local\Temp\VMBuilds\round_1\arduino_due_x_dbg\Debug/core.a(Reset.cpp.o)
                0x20070000                banzai
 *(.data .data.*)
 .data.rounds   0x2007002c        0x4 C:\Users\wwwli\AppData\Local\Temp\VMBuilds\round_1\arduino_due_x_dbg\Debug\round_1.cpp.o
                0x2007002c                rounds
 .data.echowallright
                0x20070030        0x4 C:\Users\wwwli\AppData\Local\Temp\VMBuilds\round_1\arduino_due_x_dbg\Debug\round_1.cpp.o
                0x20070030                echowallright
 .data.robotarminput
                0x20070034        0x4 C:\Users\wwwli\AppData\Local\Temp\VMBuilds\round_1\arduino_due_x_dbg\Debug\round_1.cpp.o
                0x20070034                robotarminput
 .data.trigwallfront_left
                0x20070038        0x4 C:\Users\wwwli\AppData\Local\Temp\VMBuilds\round_1\arduino_due_x_dbg\Debug\round_1.cpp.o
                0x20070038                trigwallfront_left
 .data.echowallfront_left
                0x2007003c        0x4 C:\Users\wwwli\AppData\Local\Temp\VMBuilds\round_1\arduino_due_x_dbg\Debug\round_1.cpp.o
                0x2007003c                echowallfront_left
 .data.trigwallright
                0x20070040        0x4 C:\Users\wwwli\AppData\Local\Temp\VMBuilds\round_1\arduino_due_x_dbg\Debug\round_1.cpp.o
                0x20070040                trigwallright
 .data.trigwallfront_right
                0x20070044        0x4 C:\Users\wwwli\AppData\Local\Temp\VMBuilds\round_1\arduino_due_x_dbg\Debug\round_1.cpp.o
                0x20070044                trigwallfront_right
 .data.lightswitchright
                0x20070048        0x4 C:\Users\wwwli\AppData\Local\Temp\VMBuilds\round_1\arduino_due_x_dbg\Debug\round_1.cpp.o
                0x20070048                lightswitchright
 .data.echowallfront_right
                0x2007004c        0x4 C:\Users\wwwli\AppData\Local\Temp\VMBuilds\round_1\arduino_due_x_dbg\Debug\round_1.cpp.o
                0x2007004c                echowallfront_right
 .data.robotarmoutput
                0x20070050        0x4 C:\Users\wwwli\AppData\Local\Temp\VMBuilds\round_1\arduino_due_x_dbg\Debug\round_1.cpp.o
                0x20070050                robotarmoutput
 .data.trigwallleft
                0x20070054        0x4 C:\Users\wwwli\AppData\Local\Temp\VMBuilds\round_1\arduino_due_x_dbg\Debug\round_1.cpp.o
                0x20070054                trigwallleft
 .data.echowallleft
                0x20070058        0x4 C:\Users\wwwli\AppData\Local\Temp\VMBuilds\round_1\arduino_due_x_dbg\Debug\round_1.cpp.o
                0x20070058                echowallleft
 .data.lightswitchleft
                0x2007005c        0x4 C:\Users\wwwli\AppData\Local\Temp\VMBuilds\round_1\arduino_due_x_dbg\Debug\round_1.cpp.o
                0x2007005c                lightswitchleft
 .data.SystemCoreClock
                0x20070060        0x4 C:\Users\wwwli\AppData\Local\arduino15\packages\arduino\hardware\sam\1.6.11\variants\arduino_due_x/libsam_sam3x8e_gcc_rel.a(system_sam3xa.o)
                0x20070060                SystemCoreClock
 .data._ZL5ticks
                0x20070064        0x4 C:\Users\wwwli\AppData\Local\Temp\VMBuilds\round_1\arduino_due_x_dbg\Debug/core.a(Reset.cpp.o)
 .data.EndPoints
                0x20070068       0x28 C:\Users\wwwli\AppData\Local\Temp\VMBuilds\round_1\arduino_due_x_dbg\Debug/core.a(USBCore.cpp.o)
                0x20070068                EndPoints
 .data._ZL10breakValue
                0x20070090        0x4 C:\Users\wwwli\AppData\Local\Temp\VMBuilds\round_1\arduino_due_x_dbg\Debug/core.a(CDC.cpp.o)
 .data._ZL12_usbLineInfo
                0x20070094        0x8 C:\Users\wwwli\AppData\Local\Temp\VMBuilds\round_1\arduino_due_x_dbg\Debug/core.a(CDC.cpp.o)
 .data.g_interrupt_enabled
                0x2007009c        0x4 C:\Users\wwwli\AppData\Local\arduino15\packages\arduino\hardware\sam\1.6.11\variants\arduino_due_x/libsam_sam3x8e_gcc_rel.a(interrupt_sam_nvic.o)
                0x2007009c                g_interrupt_enabled
 .data.impure_data
                0x200700a0      0x428 c:/users/wwwli/appdata/local/arduino15/packages/arduino/tools/arm-none-eabi-gcc/4.8.3-2014q1/bin/../lib/gcc/arm-none-eabi/4.8.3/../../../../arm-none-eabi/lib/armv7-m\libg.a(lib_a-impure.o)
 .data._impure_ptr
                0x200704c8        0x4 c:/users/wwwli/appdata/local/arduino15/packages/arduino/tools/arm-none-eabi-gcc/4.8.3-2014q1/bin/../lib/gcc/arm-none-eabi/4.8.3/../../../../arm-none-eabi/lib/armv7-m\libg.a(lib_a-impure.o)
                0x200704c8                _impure_ptr
 .data.lc_ctype_charset
                0x200704cc       0x20 c:/users/wwwli/appdata/local/arduino15/packages/arduino/tools/arm-none-eabi-gcc/4.8.3-2014q1/bin/../lib/gcc/arm-none-eabi/4.8.3/../../../../arm-none-eabi/lib/armv7-m\libg.a(lib_a-locale.o)
 .data.__mb_cur_max
                0x200704ec        0x4 c:/users/wwwli/appdata/local/arduino15/packages/arduino/tools/arm-none-eabi-gcc/4.8.3-2014q1/bin/../lib/gcc/arm-none-eabi/4.8.3/../../../../arm-none-eabi/lib/armv7-m\libg.a(lib_a-locale.o)
                0x200704ec                __mb_cur_max
 .data.__malloc_av_
                0x200704f0      0x408 c:/users/wwwli/appdata/local/arduino15/packages/arduino/tools/arm-none-eabi-gcc/4.8.3-2014q1/bin/../lib/gcc/arm-none-eabi/4.8.3/../../../../arm-none-eabi/lib/armv7-m\libg.a(lib_a-mallocr.o)
                0x200704f0                __malloc_av_
 .data.__malloc_trim_threshold
                0x200708f8        0x4 c:/users/wwwli/appdata/local/arduino15/packages/arduino/tools/arm-none-eabi-gcc/4.8.3-2014q1/bin/../lib/gcc/arm-none-eabi/4.8.3/../../../../arm-none-eabi/lib/armv7-m\libg.a(lib_a-mallocr.o)
                0x200708f8                __malloc_trim_threshold
 .data.__malloc_sbrk_base
                0x200708fc        0x4 c:/users/wwwli/appdata/local/arduino15/packages/arduino/tools/arm-none-eabi-gcc/4.8.3-2014q1/bin/../lib/gcc/arm-none-eabi/4.8.3/../../../../arm-none-eabi/lib/armv7-m\libg.a(lib_a-mallocr.o)
                0x200708fc                __malloc_sbrk_base
 .data.__wctomb
                0x20070900        0x4 c:/users/wwwli/appdata/local/arduino15/packages/arduino/tools/arm-none-eabi-gcc/4.8.3-2014q1/bin/../lib/gcc/arm-none-eabi/4.8.3/../../../../arm-none-eabi/lib/armv7-m\libg.a(lib_a-wctomb_r.o)
                0x20070900                __wctomb
                0x20070904                . = ALIGN (0x4)
                0x20070904                _erelocate = .

.bss            0x20070904     0x1238 load address 0x00087f88
                0x20070904                . = ALIGN (0x4)
                0x20070904                _sbss = .
                0x20070904                _szero = .
 *(.bss .bss.*)
 .bss           0x20070904       0x1c c:/users/wwwli/appdata/local/arduino15/packages/arduino/tools/arm-none-eabi-gcc/4.8.3-2014q1/bin/../lib/gcc/arm-none-eabi/4.8.3/armv7-m/crtbegin.o
 .bss.robotfinish
                0x20070920        0x4 C:\Users\wwwli\AppData\Local\Temp\VMBuilds\round_1\arduino_due_x_dbg\Debug\round_1.cpp.o
                0x20070920                robotfinish
 .bss.valueright
                0x20070924        0x4 C:\Users\wwwli\AppData\Local\Temp\VMBuilds\round_1\arduino_due_x_dbg\Debug\round_1.cpp.o
                0x20070924                valueright
 .bss.Time_Echo_us_right
                0x20070928        0x4 C:\Users\wwwli\AppData\Local\Temp\VMBuilds\round_1\arduino_due_x_dbg\Debug\round_1.cpp.o
                0x20070928                Time_Echo_us_right
 .bss.wallfront_right
                0x2007092c        0x4 C:\Users\wwwli\AppData\Local\Temp\VMBuilds\round_1\arduino_due_x_dbg\Debug\round_1.cpp.o
                0x2007092c                wallfront_right
 .bss.wallleft  0x20070930        0x4 C:\Users\wwwli\AppData\Local\Temp\VMBuilds\round_1\arduino_due_x_dbg\Debug\round_1.cpp.o
                0x20070930                wallleft
 .bss.start     0x20070934        0x4 C:\Users\wwwli\AppData\Local\Temp\VMBuilds\round_1\arduino_due_x_dbg\Debug\round_1.cpp.o
                0x20070934                start
 .bss.can       0x20070938       0x28 C:\Users\wwwli\AppData\Local\Temp\VMBuilds\round_1\arduino_due_x_dbg\Debug\round_1.cpp.o
                0x20070938                can
 .bss.Time_Echo_us_left
                0x20070960        0x4 C:\Users\wwwli\AppData\Local\Temp\VMBuilds\round_1\arduino_due_x_dbg\Debug\round_1.cpp.o
                0x20070960                Time_Echo_us_left
 .bss.valueleft
                0x20070964        0x4 C:\Users\wwwli\AppData\Local\Temp\VMBuilds\round_1\arduino_due_x_dbg\Debug\round_1.cpp.o
                0x20070964                valueleft
 .bss.distance_mm
                0x20070968        0x4 C:\Users\wwwli\AppData\Local\Temp\VMBuilds\round_1\arduino_due_x_dbg\Debug\round_1.cpp.o
                0x20070968                distance_mm
 .bss.wallright
                0x2007096c        0x4 C:\Users\wwwli\AppData\Local\Temp\VMBuilds\round_1\arduino_due_x_dbg\Debug\round_1.cpp.o
                0x2007096c                wallright
 .bss.turned    0x20070970        0x4 C:\Users\wwwli\AppData\Local\Temp\VMBuilds\round_1\arduino_due_x_dbg\Debug\round_1.cpp.o
                0x20070970                turned
 *fill*         0x20070974        0x4 
 .bss.Can0      0x20070978      0x4d8 C:\Users\wwwli\AppData\Local\Temp\VMBuilds\round_1\arduino_due_x_dbg\Debug\due_can\due_can.cpp.o
                0x20070978                Can0
 .bss._ZGVZN6CANRaw12set_baudrateEmE6ul_mck
                0x20070e50        0x4 C:\Users\wwwli\AppData\Local\Temp\VMBuilds\round_1\arduino_due_x_dbg\Debug\due_can\due_can.cpp.o
 .bss._ZZN6CANRaw12set_baudrateEmE6ul_mck
                0x20070e54        0x4 C:\Users\wwwli\AppData\Local\Temp\VMBuilds\round_1\arduino_due_x_dbg\Debug\due_can\due_can.cpp.o
 .bss.Can1      0x20070e58      0x4d8 C:\Users\wwwli\AppData\Local\Temp\VMBuilds\round_1\arduino_due_x_dbg\Debug\due_can\due_can.cpp.o
                0x20070e58                Can1
 .bss.tx_buffer2
                0x20071330       0x88 C:\Users\wwwli\AppData\Local\Temp\VMBuilds\round_1\arduino_due_x_dbg\Debug\variant\variant.cpp.o
                0x20071330                tx_buffer2
 .bss.tx_buffer1
                0x200713b8       0x88 C:\Users\wwwli\AppData\Local\Temp\VMBuilds\round_1\arduino_due_x_dbg\Debug\variant\variant.cpp.o
                0x200713b8                tx_buffer1
 .bss.Serial    0x20071440       0x24 C:\Users\wwwli\AppData\Local\Temp\VMBuilds\round_1\arduino_due_x_dbg\Debug\variant\variant.cpp.o
                0x20071440                Serial
 .bss.rx_buffer1
                0x20071464       0x88 C:\Users\wwwli\AppData\Local\Temp\VMBuilds\round_1\arduino_due_x_dbg\Debug\variant\variant.cpp.o
                0x20071464                rx_buffer1
 .bss.Serial1   0x200714ec       0x28 C:\Users\wwwli\AppData\Local\Temp\VMBuilds\round_1\arduino_due_x_dbg\Debug\variant\variant.cpp.o
                0x200714ec                Serial1
 .bss.Serial2   0x20071514       0x28 C:\Users\wwwli\AppData\Local\Temp\VMBuilds\round_1\arduino_due_x_dbg\Debug\variant\variant.cpp.o
                0x20071514                Serial2
 .bss.Serial3   0x2007153c       0x28 C:\Users\wwwli\AppData\Local\Temp\VMBuilds\round_1\arduino_due_x_dbg\Debug\variant\variant.cpp.o
                0x2007153c                Serial3
 .bss.tx_buffer3
                0x20071564       0x88 C:\Users\wwwli\AppData\Local\Temp\VMBuilds\round_1\arduino_due_x_dbg\Debug\variant\variant.cpp.o
                0x20071564                tx_buffer3
 .bss.tx_buffer4
                0x200715ec       0x88 C:\Users\wwwli\AppData\Local\Temp\VMBuilds\round_1\arduino_due_x_dbg\Debug\variant\variant.cpp.o
                0x200715ec                tx_buffer4
 .bss.g_pinStatus
                0x20071674       0x4f C:\Users\wwwli\AppData\Local\Temp\VMBuilds\round_1\arduino_due_x_dbg\Debug\variant\variant.cpp.o
                0x20071674                g_pinStatus
 *fill*         0x200716c3        0x1 
 .bss.rx_buffer2
                0x200716c4       0x88 C:\Users\wwwli\AppData\Local\Temp\VMBuilds\round_1\arduino_due_x_dbg\Debug\variant\variant.cpp.o
                0x200716c4                rx_buffer2
 .bss.rx_buffer3
                0x2007174c       0x88 C:\Users\wwwli\AppData\Local\Temp\VMBuilds\round_1\arduino_due_x_dbg\Debug\variant\variant.cpp.o
                0x2007174c                rx_buffer3
 .bss.rx_buffer4
                0x200717d4       0x88 C:\Users\wwwli\AppData\Local\Temp\VMBuilds\round_1\arduino_due_x_dbg\Debug\variant\variant.cpp.o
                0x200717d4                rx_buffer4
 .bss.gpf_isr   0x2007185c        0x4 C:\Users\wwwli\AppData\Local\arduino15\packages\arduino\hardware\sam\1.6.11\variants\arduino_due_x/libsam_sam3x8e_gcc_rel.a(uotghs.o)
                0x2007185c                gpf_isr
 .bss.heap.6420
                0x20071860        0x4 C:\Users\wwwli\AppData\Local\Temp\VMBuilds\round_1\arduino_due_x_dbg\Debug/core.a(syscalls_sam3.c.o)
 .bss._cmark    0x20071864        0x2 C:\Users\wwwli\AppData\Local\Temp\VMBuilds\round_1\arduino_due_x_dbg\Debug/core.a(USBCore.cpp.o)
                0x20071864                _cmark
 .bss._ZL14isEndpointHalt
                0x20071866        0x1 C:\Users\wwwli\AppData\Local\Temp\VMBuilds\round_1\arduino_due_x_dbg\Debug/core.a(USBCore.cpp.o)
 *fill*         0x20071867        0x1 
 .bss._cdcComposite
                0x20071868        0x4 C:\Users\wwwli\AppData\Local\Temp\VMBuilds\round_1\arduino_due_x_dbg\Debug/core.a(USBCore.cpp.o)
                0x20071868                _cdcComposite
 .bss._ZL21isRemoteWakeUpEnabled
                0x2007186c        0x1 C:\Users\wwwli\AppData\Local\Temp\VMBuilds\round_1\arduino_due_x_dbg\Debug/core.a(USBCore.cpp.o)
 *fill*         0x2007186d        0x3 
 .bss._usbInitialized
                0x20071870        0x4 C:\Users\wwwli\AppData\Local\Temp\VMBuilds\round_1\arduino_due_x_dbg\Debug/core.a(USBCore.cpp.o)
                0x20071870                _usbInitialized
 .bss.USBDevice
                0x20071874        0x1 C:\Users\wwwli\AppData\Local\Temp\VMBuilds\round_1\arduino_due_x_dbg\Debug/core.a(USBCore.cpp.o)
                0x20071874                USBDevice
 *fill*         0x20071875        0x3 
 .bss._usbSetInterface
                0x20071878        0x4 C:\Users\wwwli\AppData\Local\Temp\VMBuilds\round_1\arduino_due_x_dbg\Debug/core.a(USBCore.cpp.o)
                0x20071878                _usbSetInterface
 .bss._cend     0x2007187c        0x2 C:\Users\wwwli\AppData\Local\Temp\VMBuilds\round_1\arduino_due_x_dbg\Debug/core.a(USBCore.cpp.o)
                0x2007187c                _cend
 *fill*         0x2007187e        0x2 
 .bss._usbConfiguration
                0x20071880        0x4 C:\Users\wwwli\AppData\Local\Temp\VMBuilds\round_1\arduino_due_x_dbg\Debug/core.a(USBCore.cpp.o)
                0x20071880                _usbConfiguration
 .bss.cdc_rx_buffer
                0x20071884      0x208 C:\Users\wwwli\AppData\Local\Temp\VMBuilds\round_1\arduino_due_x_dbg\Debug/core.a(CDC.cpp.o)
                0x20071884                cdc_rx_buffer
 .bss._ZZN7Serial_6acceptEvE5guard
                0x20071a8c        0x4 C:\Users\wwwli\AppData\Local\Temp\VMBuilds\round_1\arduino_due_x_dbg\Debug/core.a(CDC.cpp.o)
 .bss.SerialUSB
                0x20071a90       0x14 C:\Users\wwwli\AppData\Local\Temp\VMBuilds\round_1\arduino_due_x_dbg\Debug/core.a(CDC.cpp.o)
                0x20071a90                SerialUSB
 .bss._ZZ12PluggableUSBvE3obj
                0x20071aa4        0x8 C:\Users\wwwli\AppData\Local\Temp\VMBuilds\round_1\arduino_due_x_dbg\Debug/core.a(PluggableUSB.cpp.o)
 .bss._ZGVZ12PluggableUSBvE3obj
                0x20071aac        0x4 C:\Users\wwwli\AppData\Local\Temp\VMBuilds\round_1\arduino_due_x_dbg\Debug/core.a(PluggableUSB.cpp.o)
 .bss._dwTickCount
                0x20071ab0        0x4 C:\Users\wwwli\AppData\Local\arduino15\packages\arduino\hardware\sam\1.6.11\variants\arduino_due_x/libsam_sam3x8e_gcc_rel.a(timetick.o)
 .bss.ul_recv_fifo_ptr
                0x20071ab4       0x28 C:\Users\wwwli\AppData\Local\arduino15\packages\arduino\hardware\sam\1.6.11\variants\arduino_due_x/libsam_sam3x8e_gcc_rel.a(uotghs_device.o)
 .bss.ul_send_fifo_ptr
                0x20071adc       0x28 C:\Users\wwwli\AppData\Local\arduino15\packages\arduino\hardware\sam\1.6.11\variants\arduino_due_x/libsam_sam3x8e_gcc_rel.a(uotghs_device.o)
 .bss.__malloc_max_total_mem